Component: ARM Compiler 5.05 (build 41) Tool: armlink [4d0eb9]

==============================================================================

Section Cross References

    stm32f10x_it.o(.text) refers to usart.o(.text) for UsartPrintf
    system_stm32f10x.o(.text) refers to system_stm32f10x.o(.data) for SystemCoreClock
    startup_stm32f10x_hd.o(STACK) refers (Special) to heapauxi.o(.text) for __use_two_region_memory
    startup_stm32f10x_hd.o(HEAP) refers (Special) to heapauxi.o(.text) for __use_two_region_memory
    startup_stm32f10x_hd.o(RESET) refers (Special) to heapauxi.o(.text) for __use_two_region_memory
    startup_stm32f10x_hd.o(RESET) refers to startup_stm32f10x_hd.o(STACK) for __initial_sp
    startup_stm32f10x_hd.o(RESET) refers to startup_stm32f10x_hd.o(.text) for Reset_Handler
    startup_stm32f10x_hd.o(RESET) refers to stm32f10x_it.o(.text) for NMI_Handler
    startup_stm32f10x_hd.o(RESET) refers to usart.o(.text) for USART1_IRQHandler
    startup_stm32f10x_hd.o(RESET) refers to esp8266.o(.text) for USART2_IRQHandler
    startup_stm32f10x_hd.o(.text) refers (Special) to heapauxi.o(.text) for __use_two_region_memory
    startup_stm32f10x_hd.o(.text) refers to system_stm32f10x.o(.text) for SystemInit
    startup_stm32f10x_hd.o(.text) refers to __main.o(!!!main) for __main
    startup_stm32f10x_hd.o(.text) refers to startup_stm32f10x_hd.o(HEAP) for Heap_Mem
    startup_stm32f10x_hd.o(.text) refers to startup_stm32f10x_hd.o(STACK) for Stack_Mem
    stm32f10x_gpio.o(.text) refers to stm32f10x_rcc.o(.text) for RCC_APB2PeriphResetCmd
    stm32f10x_rcc.o(.text) refers to stm32f10x_rcc.o(.data) for APBAHBPrescTable
    stm32f10x_usart.o(.text) refers to stm32f10x_rcc.o(.text) for RCC_APB2PeriphResetCmd
    stm32f10x_adc.o(.text) refers to stm32f10x_rcc.o(.text) for RCC_APB2PeriphResetCmd
    beep.o(.text) refers to stm32f10x_gpio.o(.text) for GPIO_WriteBit
    beep.o(.text) refers to stm32f10x_rcc.o(.text) for RCC_APB2PeriphClockCmd
    beep.o(.text) refers to beep.o(.data) for beep_info
    delay.o(.text) refers to delay.o(.data) for UsCount
    key.o(.text) refers to stm32f10x_rcc.o(.text) for RCC_APB2PeriphClockCmd
    key.o(.text) refers to stm32f10x_gpio.o(.text) for GPIO_Init
    key.o(.text) refers to key.o(.data) for keyStatus
    led.o(.text) refers to stm32f10x_gpio.o(.text) for GPIO_WriteBit
    usart.o(.text) refers to stm32f10x_usart.o(.text) for USART_Init
    usart.o(.text) refers to misc.o(.text) for NVIC_Init
    usart.o(.text) refers to stm32f10x_rcc.o(.text) for RCC_APB2PeriphClockCmd
    usart.o(.text) refers to stm32f10x_gpio.o(.text) for GPIO_Init
    usart.o(.text) refers to c89vsnprintf.o(.text) for __c89vsnprintf
    electromotor.o(.text) refers to stm32f10x_gpio.o(.text) for GPIO_WriteBit
    dht11.o(.text) refers to stm32f10x_gpio.o(.text) for GPIO_Init
    dht11.o(.text) refers to delay.o(.text) for DelayXms
    dht11.o(.text) refers to stm32f10x_rcc.o(.text) for RCC_APB2PeriphClockCmd
    main.o(.text) refers to stm32f10x_dma.o(.text) for DMA_DeInit
    main.o(.text) refers to stm32f10x_adc.o(.text) for ADC_Init
    main.o(.text) refers to stm32f10x_gpio.o(.text) for GPIO_PinRemapConfig
    main.o(.text) refers to stm32f10x_rcc.o(.text) for RCC_DeInit
    main.o(.text) refers to stm32f10x_flash.o(.text) for FLASH_PrefetchBufferCmd
    main.o(.text) refers to misc.o(.text) for NVIC_PriorityGroupConfig
    main.o(.text) refers to delay.o(.text) for Delay_Init
    main.o(.text) refers to usart.o(.text) for Usart1_Init
    main.o(.text) refers to led.o(.text) for Led_Init
    main.o(.text) refers to electromotor.o(.text) for Electromotor_Init
    main.o(.text) refers to dht11.o(.text) for DHT11_Init
    main.o(.text) refers to esp8266.o(.text) for ESP8266_Init
    main.o(.text) refers to onenet.o(.text) for OneNet_DevLink
    main.o(.text) refers to dflt_clz.o(x$fpl$dfltu) for __aeabi_ui2d
    main.o(.text) refers to ddiv.o(x$fpl$ddiv) for __aeabi_ddiv
    main.o(.text) refers to daddsub_clz.o(x$fpl$dadd) for __aeabi_dadd
    main.o(.text) refers to dmul.o(x$fpl$dmul) for __aeabi_dmul
    main.o(.text) refers to main.o(.bss) for DMA_InitStructure
    main.o(.text) refers to main.o(.data) for ADCConvertedValue
    main.o(.text) refers to daddsub_clz.o(x$fpl$drsb) for __aeabi_drsub
    main.o(.text) refers to led.o(.data) for led_status
    onenet.o(.text) refers to _printf_percent.o(.ARM.Collect$$_printf_percent$$00000000) for _printf_percent
    onenet.o(.text) refers to _printf_d.o(.ARM.Collect$$_printf_percent$$00000009) for _printf_d
    onenet.o(.text) refers to _printf_s.o(.ARM.Collect$$_printf_percent$$00000014) for _printf_s
    onenet.o(.text) refers to _printf_dec.o(.text) for _printf_int_dec
    onenet.o(.text) refers to _printf_str.o(.text) for _printf_str
    onenet.o(.text) refers to _scanf_int.o(.text) for _scanf_int
    onenet.o(.text) refers to _scanf_str.o(.text) for _scanf_string
    onenet.o(.text) refers to _printf_pad.o(.text) for _printf_pre_padding
[...]
    .bss                                     0x200002e8   Section       96  libspace.o(.bss)
    HEAP                                     0x20000348   Section     1024  startup_stm32f10x_hd.o(HEAP)
    Heap_Mem                                 0x20000348   Data        1024  startup_stm32f10x_hd.o(HEAP)
    STACK                                    0x20000748   Section     8192  startup_stm32f10x_hd.o(STACK)
    Stack_Mem                                0x20000748   Data        8192  startup_stm32f10x_hd.o(STACK)
    __initial_sp                             0x20002748   Data           0  startup_stm32f10x_hd.o(STACK)

    Global Symbols

    Symbol Name                              Value     Ov Type        Size  Object(Section)

    BuildAttributes$$THM_ISAv4$P$D$K$B$S$PE$A:L22UL41UL21$X:L11$S22US41US21$IEEE1$IW$USESV6$~STKCKD$USESV7$~SHL$OTIME$ROPI$IEEEJ$EBA8$UX$STANDARDLIB$REQ8$PRES8$EABIv2 0x00000000   Number         0  anon$$obj.o ABSOLUTE
    __ARM_use_no_argv                        0x00000000   Number         0  main.o ABSOLUTE
    _printf_flags                            0x00000000   Number         0  printf_stubs.o ABSOLUTE
    _printf_return_value                     0x00000000   Number         0  printf_stubs.o ABSOLUTE
    _printf_sizespec                         0x00000000   Number         0  printf_stubs.o ABSOLUTE
    _printf_widthprec                        0x00000000   Number         0  printf_stubs.o ABSOLUTE
    __ARM_exceptions_init                     - Undefined Weak Reference
    __alloca_initialize                       - Undefined Weak Reference
    __arm_preinit_                            - Undefined Weak Reference
    __cpp_initialize__aeabi_                  - Undefined Weak Reference
    __cxa_finalize                            - Undefined Weak Reference
    __sigvec_lookup                           - Undefined Weak Reference
    __user_heap_extent                        - Undefined Weak Reference
    _atexit_init                              - Undefined Weak Reference
    _call_atexit_fns                          - Undefined Weak Reference
    _clock_init                               - Undefined Weak Reference
    _fp_trap_init                             - Undefined Weak Reference
    _fp_trap_shutdown                         - Undefined Weak Reference
    _get_lc_collate                           - Undefined Weak Reference
    _get_lc_monetary                          - Undefined Weak Reference
    _get_lc_time                              - Undefined Weak Reference
    _getenv_init                              - Undefined Weak Reference
    _handle_redirection                       - Undefined Weak Reference
    _initio                                   - Undefined Weak Reference
    _mutex_acquire                            - Undefined Weak Reference
    _mutex_free                               - Undefined Weak Reference
    _mutex_release                            - Undefined Weak Reference
    _printf_fp_hex                            - Undefined Weak Reference
    _printf_mbtowc                            - Undefined Weak Reference
    _printf_wc                                - Undefined Weak Reference
    _rand_init                                - Undefined Weak Reference
    _scanf_longlong                           - Undefined Weak Reference
    _scanf_mbtowc                             - Undefined Weak Reference
    _scanf_real                               - Undefined Weak Reference
    _scanf_wctomb                             - Undefined Weak Reference
    _scanf_wstring                            - Undefined Weak Reference
    _signal_finish                            - Undefined Weak Reference
    _signal_init                              - Undefined Weak Reference
    _terminateio                              - Undefined Weak Reference
    __Vectors_Size                           0x00000130   Number         0  startup_stm32f10x_hd.o ABSOLUTE
    __Vectors                                0x08000000   Data           4  startup_stm32f10x_hd.o(RESET)
    __Vectors_End                            0x08000130   Data           0  startup_stm32f10x_hd.o(RESET)
    __main                                   0x08000131   Thumb Code     8  __main.o(!!!main)
    __scatterload                            0x08000139   Thumb Code     0  __scatter.o(!!!scatter)
    __scatterload_rt2                        0x08000139   Thumb Code    44  __scatter.o(!!!scatter)
    __scatterload_rt2_thumb_only             0x08000139   Thumb Code     0  __scatter.o(!!!scatter)
    __scatterload_null                       0x08000147   Thumb Code     0  __scatter.o(!!!scatter)
    __scatterload_copy                       0x0800016d   Thumb Code    26  __scatter_copy.o(!!handler_copy)
    __scatterload_zeroinit                   0x08000189   Thumb Code    28  __scatter_zi.o(!!handler_zi)
    _printf_n                                0x080001a5   Thumb Code     0  _printf_n.o(.ARM.Collect$$_printf_percent$$00000001)
    _printf_percent                          0x080001a5   Thumb Code     0  _printf_percent.o(.ARM.Collect$$_printf_percent$$00000000)
    _printf_p                                0x080001ab   Thumb Code     0  _printf_p.o(.ARM.Collect$$_printf_percent$$00000002)
    _printf_f                                0x080001b1   Thumb Code     0  _printf_f.o(.ARM.Collect$$_printf_percent$$00000003)
    _printf_e                                0x080001b7   Thumb Code     0  _printf_e.o(.ARM.Collect$$_printf_percent$$00000004)
    _printf_g                                0x080001bd   Thumb Code     0  _printf_g.o(.ARM.Collect$$_printf_percent$$00000005)
    _printf_a                                0x080001c3   Thumb Code     0  _printf_a.o(.ARM.Collect$$_printf_percent$$00000006)
    _printf_ll                               0x080001c9   Thumb Code     0  _printf_ll.o(.ARM.Collect$$_printf_percent$$00000007)
    _printf_i                                0x080001d3   Thumb Code     0  _printf_i.o(.ARM.Collect$$_printf_percent$$00000008)
    _printf_d                                0x080001d9   Thumb Code     0  _printf_d.o(.ARM.Collect$$_printf_percent$$00000009)
    _printf_u                                0x080001df   Thumb Code     0  _printf_u.o(.ARM.Collect$$_printf_percent$$0000000A)
    _printf_o                                0x080001e5   Thumb Code     0  _printf_o.o(.ARM.Collect$$_printf_percent$$0000000B)
    _printf_x                                0x080001eb   Thumb Code     0  _printf_x.o(.ARM.Collect$$_printf_percent$$0000000C)
    _printf_lli                              0x080001f1   Thumb Code     0  _printf_lli.o(.ARM.Collect$$_printf_percent$$0000000D)
    _printf_lld                              0x080001f7   Thumb Code     0  _printf_lld.o(.ARM.Collect$$_printf_percent$$0000000E)
    _printf_llu                              0x080001fd   Thumb Code     0  _printf_llu.o(.ARM.Collect$$_printf_percent$$0000000F)
    _printf_llo                              0x08000203   Thumb Code     0  _printf_llo.o(.ARM.Collect$$_printf_percent$$00000010)
    _printf_llx                              0x08000209   Thumb Code     0  _printf_llx.o(.ARM.Collect$$_printf_percent$$00000011)
    _printf_l                                0x0800020f   Thumb Code     0  _printf_l.o(.ARM.Collect$$_printf_percent$$00000012)
    _printf_c                                0x08000219   Thumb Code     0  _printf_c.o(.ARM.Collect$$_printf_percent$$00000013)
    _printf_s                                0x0800021f   Thumb Code     0  _printf_s.o(.ARM.Collect$$_printf_percent$$00000014)
    _printf_lc                               0x08000225   Thumb Code     0  _printf_lc.o(.ARM.Collect$$_printf_percent$$00000015)
    _printf_ls                               0x0800022b   Thumb Code     0  _printf_ls.o(.ARM.Collect$$_printf_percent$$00000016)
    _printf_percent_end                      0x08000231   Thumb Code     0  _printf_percent_end.o(.ARM.Collect$$_printf_percent$$00000017)
    __rt_lib_init                            0x08000235   Thumb Code     0  libinit.o(.ARM.Collect$$libinit$$00000000)
    __rt_lib_init_fp_1                       0x08000237   Thumb Code     0  libinit2.o(.ARM.Collect$$libinit$$00000002)
    __rt_lib_init_heap_2                     0x08000237   Thumb Code     0  libinit2.o(.ARM.Collect$$libinit$$00000005)
    __rt_lib_init_preinit_1                  0x08000237   Thumb Code     0  libinit2.o(.ARM.Collect$$libinit$$00000004)
    __rt_lib_init_heap_1                     0x0800023f   Thumb Code     0  libinit2.o(.ARM.Collect$$libinit$$0000000A)
    __rt_lib_init_lc_common                  0x0800023f   Thumb Code     0  libinit2.o(.ARM.Collect$$libinit$$0000000F)
    __rt_lib_init_rand_1                     0x0800023f   Thumb Code     0  libinit2.o(.ARM.Collect$$libinit$$0000000E)
    __rt_lib_init_user_alloc_1               0x0800023f   Thumb Code     0  libinit2.o(.ARM.Collect$$libinit$$0000000C)
    __rt_lib_init_lc_collate_1               0x08000245   Thumb Code     0  libinit2.o(.ARM.Collect$$libinit$$00000011)
    __rt_lib_init_lc_ctype_2                 0x08000245   Thumb Code     0  libinit2.o(.ARM.Collect$$libinit$$00000012)
    __rt_lib_init_lc_ctype_1                 0x08000251   Thumb Code     0  libinit2.o(.ARM.Collect$$libinit$$00000013)
    __rt_lib_init_lc_monetary_1              0x08000251   Thumb Code     0  libinit2.o(.ARM.Collect$$libinit$$00000015)
    __rt_lib_init_lc_numeric_2               0x08000251   Thumb Code     0  libinit2.o(.ARM.Collect$$libinit$$00000016)
    __rt_lib_init_alloca_1                   0x0800025b   Thumb Code     0  libinit2.o(.ARM.Collect$$libinit$$0000002E)
    __rt_lib_init_argv_1                     0x0800025b   Thumb Code     0  libinit2.o(.ARM.Collect$$libinit$$0000002C)
    __rt_lib_init_atexit_1                   0x0800025b   Thumb Code     0  libinit2.o(.ARM.Collect$$libinit$$0000001B)
    __rt_lib_init_clock_1                    0x0800025b   Thumb Code     0  libinit2.o(.ARM.Collect$$libinit$$00000021)
    __rt_lib_init_cpp_1                      0x0800025b   Thumb Code     0  libinit2.o(.ARM.Collect$$libinit$$00000032)
    __rt_lib_init_exceptions_1               0x0800025b   Thumb Code     0  libinit2.o(.ARM.Collect$$libinit$$00000030)
    __rt_lib_init_fp_trap_1                  0x0800025b   Thumb Code     0  libinit2.o(.ARM.Collect$$libinit$$0000001F)
    __rt_lib_init_getenv_1                   0x0800025b   Thumb Code     0  libinit2.o(.ARM.Collect$$libinit$$00000023)
    __rt_lib_init_lc_numeric_1               0x0800025b   Thumb Code     0  libinit2.o(.ARM.Collect$$libinit$$00000017)
    __rt_lib_init_lc_time_1                  0x0800025b   Thumb Code     0  libinit2.o(.ARM.Collect$$libinit$$00000019)
    __rt_lib_init_return                     0x0800025b   Thumb Code     0  libinit2.o(.ARM.Collect$$libinit$$00000033)
    __rt_lib_init_signal_1                   0x0800025b   Thumb Code     0  libinit2.o(.ARM.Collect$$libinit$$0000001D)
    __rt_lib_init_stdio_1                    0x0800025b   Thumb Code     0  libinit2.o(.ARM.Collect$$libinit$$00000025)
    __rt_lib_shutdown                        0x0800025d   Thumb Code     0  libshutdown.o(.ARM.Collect$$libshutdown$$00000000)
    __rt_lib_shutdown_fp_trap_1              0x0800025f   Thumb Code     0  libshutdown2.o(.ARM.Collect$$libshutdown$$00000006)
    __rt_lib_shutdown_heap_1                 0x0800025f   Thumb Code     0  libshutdown2.o(.ARM.Collect$$libshutdown$$0000000E)
    __rt_lib_shutdown_return                 0x0800025f   Thumb Code     0  libshutdown2.o(.ARM.Collect$$libshutdown$$0000000F)
    __rt_lib_shutdown_signal_1               0x0800025f   Thumb Code     0  libshutdown2.o(.ARM.Collect$$libshutdown$$00000009)
    __rt_lib_shutdown_stdio_1                0x0800025f   Thumb Code     0  libshutdown2.o(.ARM.Collect$$libshutdown$$00000003)
    __rt_lib_shutdown_user_alloc_1           0x0800025f   Thumb Code     0  libshutdown2.o(.ARM.Collect$$libshutdown$$0000000B)
    __rt_entry                               0x08000261   Thumb Code     0  __rtentry.o(.ARM.Collect$$rtentry$$00000000)
    __rt_entry_presh_1                       0x08000261   Thumb Code     0  __rtentry2.o(.ARM.Collect$$rtentry$$00000002)
    __rt_entry_sh                            0x08000261   Thumb Code     0  __rtentry4.o(.ARM.Collect$$rtentry$$00000004)
    __rt_entry_li                            0x08000267   Thumb Code     0  __rtentry2.o(.ARM.Collect$$rtentry$$0000000A)
    __rt_entry_postsh_1                      0x08000267   Thumb Code     0  __rtentry2.o(.ARM.Collect$$rtentry$$00000009)
    __rt_entry_main                          0x0800026b   Thumb Code     0  __rtentry2.o(.ARM.Collect$$rtentry$$0000000D)
    __rt_entry_postli_1                      0x0800026b   Thumb Code     0  __rtentry2.o(.ARM.Collect$$rtentry$$0000000C)
    __rt_exit                                0x08000273   Thumb Code     0  rtexit.o(.ARM.Collect$$rtexit$$00000000)
    __rt_exit_ls                             0x08000275   Thumb Code     0  rtexit2.o(.ARM.Collect$$rtexit$$00000003)
    __rt_exit_prels_1                        0x08000275   Thumb Code     0  rtexit2.o(.ARM.Collect$$rtexit$$00000002)
    __rt_exit_exit                           0x08000279   Thumb Code     0  rtexit2.o(.ARM.Collect$$rtexit$$00000004)
    NMI_Handler                              0x08000281   Thumb Code     2  stm32f10x_it.o(.text)
    _maybe_terminate_alloc                   0x08000281   Thumb Code     0  maybetermalloc1.o(.emb_text)
    HardFault_Handler                        0x08000283   Thumb Code    12  stm32f10x_it.o(.text)
    MemManage_Handler                        0x0800028f   Thumb Code    12  stm32f10x_it.o(.text)
    BusFault_Handler                         0x0800029b   Thumb Code    12  stm32f10x_it.o(.text)
    UsageFault_Handler                       0x080002a7   Thumb Code    12  stm32f10x_it.o(.text)
    SVC_Handler                              0x080002b3   Thumb Code     2  stm32f10x_it.o(.text)
    DebugMon_Handler                         0x080002b5   Thumb Code     2  stm32f10x_it.o(.text)
    SysTick_Handler                          0x080002b7   Thumb Code     2  stm32f10x_it.o(.text)
    EXTI0_IRQHandler                         0x080002b9   Thumb Code     2  stm32f10x_it.o(.text)
    RTC_IRQHandler                           0x080002bb   Thumb Code     2  stm32f10x_it.o(.text)
    SystemInit                               0x08000493   Thumb Code    78  system_stm32f10x.o(.text)
    SystemCoreClockUpdate                    0x080004e1   Thumb Code   142  system_stm32f10x.o(.text)
    Reset_Handler                            0x08000595   Thumb Code     8  startup_stm32f10x_hd.o(.text)
    PendSV_Handler                           0x080005ab   Thumb Code     2  startup_stm32f10x_hd.o(.text)
    ADC1_2_IRQHandler                        0x080005af   Thumb Code     0  startup_stm32f10x_hd.o(.text)
    ADC3_IRQHandler                          0x080005af   Thumb Code     0  startup_stm32f10x_hd.o(.text)
    CAN1_RX1_IRQHandler                      0x080005af   Thumb Code     0  startup_stm32f10x_hd.o(.text)
    CAN1_SCE_IRQHandler                      0x080005af   Thumb Code     0  startup_stm32f10x_hd.o(.text)
    DMA1_Channel1_IRQHandler                 0x080005af   Thumb Code     0  startup_stm32f10x_hd.o(.text)
    DMA1_Channel2_IRQHandler                 0x080005af   Thumb Code     0  startup_stm32f10x_hd.o(.text)
    DMA1_Channel3_IRQHandler                 0x080005af   Thumb Code     0  startup_stm32f10x_hd.o(.text)
    DMA1_Channel4_IRQHandler                 0x080005af   Thumb Code     0  startup_stm32f10x_hd.o(.text)
    DMA1_Channel5_IRQHandler                 0x080005af   Thumb Code     0  startup_stm32f10x_hd.o(.text)
    DMA1_Channel6_IRQHandler                 0x080005af   Thumb Code     0  startup_stm32f10x_hd.o(.text)
    DMA1_Channel7_IRQHandler                 0x080005af   Thumb Code     0  startup_stm32f10x_hd.o(.text)
    DMA2_Channel1_IRQHandler                 0x080005af   Thumb Code     0  startup_stm32f10x_hd.o(.text)
    DMA2_Channel2_IRQHandler                 0x080005af   Thumb Code     0  startup_stm32f10x_hd.o(.text)
    DMA2_Channel3_IRQHandler                 0x080005af   Thumb Code     0  startup_stm32f10x_hd.o(.text)
    DMA2_Channel4_5_IRQHandler               0x080005af   Thumb Code     0  startup_stm32f10x_hd.o(.text)
    EXTI15_10_IRQHandler                     0x080005af   Thumb Code     0  startup_stm32f10x_hd.o(.text)
    EXTI1_IRQHandler                         0x080005af   Thumb Code     0  startup_stm32f10x_hd.o(.text)
    EXTI2_IRQHandler                         0x080005af   Thumb Code     0  startup_stm32f10x_hd.o(.text)
    EXTI3_IRQHandler                         0x080005af   Thumb Code     0  startup_stm32f10x_hd.o(.text)
    EXTI4_IRQHandler                         0x080005af   Thumb Code     0  startup_stm32f10x_hd.o(.text)
    EXTI9_5_IRQHandler                       0x080005af   Thumb Code     0  startup_stm32f10x_hd.o(.text)
    FLASH_IRQHandler                         0x080005af   Thumb Code     0  startup_stm32f10x_hd.o(.text)
    FSMC_IRQHandler                          0x080005af   Thumb Code     0  startup_stm32f10x_hd.o(.text)
    I2C1_ER_IRQHandler                       0x080005af   Thumb Code     0  startup_stm32f10x_hd.o(.text)
    I2C1_EV_IRQHandler                       0x080005af   Thumb Code     0  startup_stm32f10x_hd.o(.text)
    I2C2_ER_IRQHandler                       0x080005af   Thumb Code     0  startup_stm32f10x_hd.o(.text)
    I2C2_EV_IRQHandler                       0x080005af   Thumb Code     0  startup_stm32f10x_hd.o(.text)
    PVD_IRQHandler                           0x080005af   Thumb Code     0  startup_stm32f10x_hd.o(.text)
    RCC_IRQHandler                           0x080005af   Thumb Code     0  startup_stm32f10x_hd.o(.text)
    RTCAlarm_IRQHandler                      0x080005af   Thumb Code     0  startup_stm32f10x_hd.o(.text)
    SDIO_IRQHandler                          0x080005af   Thumb Code     0  startup_stm32f10x_hd.o(.text)
    SPI1_IRQHandler                          0x080005af   Thumb Code     0  startup_stm32f10x_hd.o(.text)
    SPI2_IRQHandler                          0x080005af   Thumb Code     0  startup_stm32f10x_hd.o(.text)
    SPI3_IRQHandler                          0x080005af   Thumb Code     0  startup_stm32f10x_hd.o(.text)
    TAMPER_IRQHandler                        0x080005af   Thumb Code     0  startup_stm32f10x_hd.o(.text)
    TIM1_BRK_IRQHandler                      0x080005af   Thumb Code     0  startup_stm32f10x_hd.o(.text)
    TIM1_CC_IRQHandler                       0x080005af   Thumb Code     0  startup_stm32f10x_hd.o(.text)
    TIM1_TRG_COM_IRQHandler                  0x080005af   Thumb Code     0  startup_stm32f10x_hd.o(.text)
    TIM1_UP_IRQHandler                       0x080005af   Thumb Code     0  startup_stm32f10x_hd.o(.text)
    TIM2_IRQHandler                          0x080005af   Thumb Code     0  startup_stm32f10x_hd.o(.text)
    TIM3_IRQHandler                          0x080005af   Thumb Code     0  startup_stm32f10x_hd.o(.text)
    TIM4_IRQHandler                          0x080005af   Thumb Code     0  startup_stm32f10x_hd.o(.text)
    TIM5_IRQHandler                          0x080005af   Thumb Code     0  startup_stm32f10x_hd.o(.text)
    TIM6_IRQHandler                          0x080005af   Thumb Code     0  startup_stm32f10x_hd.o(.text)
    TIM7_IRQHandler                          0x080005af   Thumb Code     0  startup_stm32f10x_hd.o(.text)
    TIM8_BRK_IRQHandler                      0x080005af   Thumb Code     0  startup_stm32f10x_hd.o(.text)
    TIM8_CC_IRQHandler                       0x080005af   Thumb Code     0  startup_stm32f10x_hd.o(.text)
    TIM8_TRG_COM_IRQHandler                  0x080005af   Thumb Code     0  startup_stm32f10x_hd.o(.text)
    TIM8_UP_IRQHandler                       0x080005af   Thumb Code     0  startup_stm32f10x_hd.o(.text)
    UART4_IRQHandler                         0x080005af   Thumb Code     0  startup_stm32f10x_hd.o(.text)
    UART5_IRQHandler                         0x080005af   Thumb Code     0  startup_stm32f10x_hd.o(.text)
    USART3_IRQHandler                        0x080005af   Thumb Code     0  startup_stm32f10x_hd.o(.text)
    USBWakeUp_IRQHandler                     0x080005af   Thumb Code     0  startup_stm32f10x_hd.o(.text)
    USB_HP_CAN1_TX_IRQHandler                0x080005af   Thumb Code     0  startup_stm32f10x_hd.o(.text)
    USB_LP_CAN1_RX0_IRQHandler               0x080005af   Thumb Code     0  startup_stm32f10x_hd.o(.text)
    WWDG_IRQHandler                          0x080005af   Thumb Code     0  startup_stm32f10x_hd.o(.text)
    __user_initial_stackheap                 0x080005b1   Thumb Code     0  startup_stm32f10x_hd.o(.text)
    NVIC_PriorityGroupConfig                 0x080005d5   Thumb Code    10  misc.o(.text)
    NVIC_Init                                0x080005df   Thumb Code   100  misc.o(.text)
    NVIC_SetVectorTable                      0x08000643   Thumb Code    14  misc.o(.text)
    NVIC_SystemLPConfig                      0x08000651   Thumb Code    34  misc.o(.text)
    SysTick_CLKSourceConfig                  0x08000673   Thumb Code    40  misc.o(.text)
    GPIO_DeInit                              0x080006b1   Thumb Code   172  stm32f10x_gpio.o(.text)
    GPIO_AFIODeInit                          0x0800075d   Thumb Code    20  stm32f10x_gpio.o(.text)
    GPIO_Init                                0x08000771   Thumb Code   278  stm32f10x_gpio.o(.text)
    GPIO_StructInit                          0x08000887   Thumb Code    16  stm32f10x_gpio.o(.text)
    GPIO_ReadInputDataBit                    0x08000897   Thumb Code    18  stm32f10x_gpio.o(.text)
    GPIO_ReadInputData                       0x080008a9   Thumb Code     8  stm32f10x_gpio.o(.text)
    GPIO_ReadOutputDataBit                   0x080008b1   Thumb Code    18  stm32f10x_gpio.o(.text)
    GPIO_ReadOutputData                      0x080008c3   Thumb Code     8  stm32f10x_gpio.o(.text)
    GPIO_SetBits                             0x080008cb   Thumb Code     4  stm32f10x_gpio.o(.text)
    GPIO_ResetBits                           0x080008cf   Thumb Code     4  stm32f10x_gpio.o(.text)
    GPIO_WriteBit                            0x080008d3   Thumb Code    10  stm32f10x_gpio.o(.text)
    GPIO_Write                               0x080008dd   Thumb Code     4  stm32f10x_gpio.o(.text)
    GPIO_PinLockConfig                       0x080008e1   Thumb Code    18  stm32f10x_gpio.o(.text)
    GPIO_EventOutputConfig                   0x080008f3   Thumb Code    26  stm32f10x_gpio.o(.text)
    GPIO_EventOutputCmd                      0x0800090d   Thumb Code     6  stm32f10x_gpio.o(.text)
    GPIO_PinRemapConfig                      0x08000913   Thumb Code   138  stm32f10x_gpio.o(.text)
    GPIO_EXTILineConfig                      0x0800099d   Thumb Code    66  stm32f10x_gpio.o(.text)
    GPIO_ETH_MediaInterfaceConfig            0x080009df   Thumb Code     8  stm32f10x_gpio.o(.text)
    RCC_DeInit                               0x08000a0d   Thumb Code    64  stm32f10x_rcc.o(.text)
    RCC_HSEConfig                            0x08000a4d   Thumb Code    70  stm32f10x_rcc.o(.text)
    RCC_GetFlagStatus                        0x08000a93   Thumb Code    56  stm32f10x_rcc.o(.text)
    RCC_WaitForHSEStartUp                    0x08000acb   Thumb Code    56  stm32f10x_rcc.o(.text)
    RCC_AdjustHSICalibrationValue            0x08000b03   Thumb Code    20  stm32f10x_rcc.o(.text)
    RCC_HSICmd                               0x08000b17   Thumb Code     6  stm32f10x_rcc.o(.text)
    RCC_PLLConfig                            0x08000b1d   Thumb Code    24  stm32f10x_rcc.o(.text)
    RCC_PLLCmd                               0x08000b35   Thumb Code     6  stm32f10x_rcc.o(.text)
    RCC_SYSCLKConfig                         0x08000b3b   Thumb Code    18  stm32f10x_rcc.o(.text)
    RCC_GetSYSCLKSource                      0x08000b4d   Thumb Code    10  stm32f10x_rcc.o(.text)
    RCC_HCLKConfig                           0x08000b57   Thumb Code    18  stm32f10x_rcc.o(.text)
    RCC_PCLK1Config                          0x08000b69   Thumb Code    18  stm32f10x_rcc.o(.text)
    RCC_PCLK2Config                          0x08000b7b   Thumb Code    20  stm32f10x_rcc.o(.text)
    RCC_ITConfig                             0x08000b8f   Thumb Code    26  stm32f10x_rcc.o(.text)
    RCC_USBCLKConfig                         0x08000ba9   Thumb Code     8  stm32f10x_rcc.o(.text)
    RCC_ADCCLKConfig                         0x08000bb1   Thumb Code    18  stm32f10x_rcc.o(.text)
    RCC_LSEConfig                            0x08000bc3   Thumb Code    50  stm32f10x_rcc.o(.text)
    RCC_LSICmd                               0x08000bf5   Thumb Code     6  stm32f10x_rcc.o(.text)
    RCC_RTCCLKConfig                         0x08000bfb   Thumb Code    12  stm32f10x_rcc.o(.text)
    RCC_RTCCLKCmd                            0x08000c07   Thumb Code     8  stm32f10x_rcc.o(.text)
    RCC_GetClocksFreq                        0x08000c0f   Thumb Code   192  stm32f10x_rcc.o(.text)
    RCC_AHBPeriphClockCmd                    0x08000ccf   Thumb Code    26  stm32f10x_rcc.o(.text)
    RCC_APB2PeriphClockCmd                   0x08000ce9   Thumb Code    26  stm32f10x_rcc.o(.text)
    RCC_APB1PeriphClockCmd                   0x08000d03   Thumb Code    26  stm32f10x_rcc.o(.text)
    RCC_APB2PeriphResetCmd                   0x08000d1d   Thumb Code    26  stm32f10x_rcc.o(.text)
    RCC_APB1PeriphResetCmd                   0x08000d37   Thumb Code    26  stm32f10x_rcc.o(.text)
    RCC_BackupResetCmd                       0x08000d51   Thumb Code     8  stm32f10x_rcc.o(.text)
    RCC_ClockSecuritySystemCmd               0x08000d59   Thumb Code     6  stm32f10x_rcc.o(.text)
    RCC_MCOConfig                            0x08000d5f   Thumb Code     6  stm32f10x_rcc.o(.text)
    RCC_ClearFlag                            0x08000d65   Thumb Code    14  stm32f10x_rcc.o(.text)
    RCC_GetITStatus                          0x08000d73   Thumb Code    20  stm32f10x_rcc.o(.text)
    RCC_ClearITPendingBit                    0x08000d87   Thumb Code     6  stm32f10x_rcc.o(.text)
    USART_DeInit                             0x08000db1   Thumb Code   134  stm32f10x_usart.o(.text)
    USART_Init                               0x08000e37   Thumb Code   210  stm32f10x_usart.o(.text)
    USART_StructInit                         0x08000f09   Thumb Code    24  stm32f10x_usart.o(.text)
    USART_ClockInit                          0x08000f21   Thumb Code    34  stm32f10x_usart.o(.text)
    USART_ClockStructInit                    0x08000f43   Thumb Code    12  stm32f10x_usart.o(.text)
    USART_Cmd                                0x08000f4f   Thumb Code    24  stm32f10x_usart.o(.text)
    USART_ITConfig                           0x08000f67   Thumb Code    74  stm32f10x_usart.o(.text)
    USART_DMACmd                             0x08000fb1   Thumb Code    18  stm32f10x_usart.o(.text)
    USART_SetAddress                         0x08000fc3   Thumb Code    18  stm32f10x_usart.o(.text)
    USART_WakeUpConfig                       0x08000fd5   Thumb Code    18  stm32f10x_usart.o(.text)
    USART_ReceiverWakeUpCmd                  0x08000fe7   Thumb Code    24  stm32f10x_usart.o(.text)
    USART_LINBreakDetectLengthConfig         0x08000fff   Thumb Code    18  stm32f10x_usart.o(.text)
    USART_LINCmd                             0x08001011   Thumb Code    24  stm32f10x_usart.o(.text)
    USART_SendData                           0x08001029   Thumb Code     8  stm32f10x_usart.o(.text)
    USART_ReceiveData                        0x08001031   Thumb Code    10  stm32f10x_usart.o(.text)
    USART_SendBreak                          0x0800103b   Thumb Code    10  stm32f10x_usart.o(.text)
    USART_SetGuardTime                       0x08001045   Thumb Code    16  stm32f10x_usart.o(.text)
    USART_SetPrescaler                       0x08001055   Thumb Code    16  stm32f10x_usart.o(.text)
    USART_SmartCardCmd                       0x08001065   Thumb Code    24  stm32f10x_usart.o(.text)
    USART_SmartCardNACKCmd                   0x0800107d   Thumb Code    24  stm32f10x_usart.o(.text)
    USART_HalfDuplexCmd                      0x08001095   Thumb Code    24  stm32f10x_usart.o(.text)
    USART_OverSampling8Cmd                   0x080010ad   Thumb Code    22  stm32f10x_usart.o(.text)
    USART_OneBitMethodCmd                    0x080010c3   Thumb Code    24  stm32f10x_usart.o(.text)
    USART_IrDAConfig                         0x080010db   Thumb Code    18  stm32f10x_usart.o(.text)
    USART_IrDACmd                            0x080010ed   Thumb Code    24  stm32f10x_usart.o(.text)
    USART_GetFlagStatus                      0x08001105   Thumb Code    26  stm32f10x_usart.o(.text)
    USART_ClearFlag                          0x0800111f   Thumb Code    18  stm32f10x_usart.o(.text)
    USART_GetITStatus                        0x08001131   Thumb Code    84  stm32f10x_usart.o(.text)
    USART_ClearITPendingBit                  0x08001185   Thumb Code    52  stm32f10x_usart.o(.text)
    FLASH_SetLatency                         0x080011b9   Thumb Code    18  stm32f10x_flash.o(.text)
    FLASH_HalfCycleAccessCmd                 0x080011cb   Thumb Code    22  stm32f10x_flash.o(.text)
    FLASH_PrefetchBufferCmd                  0x080011e1   Thumb Code    22  stm32f10x_flash.o(.text)
    FLASH_Unlock                             0x080011f7   Thumb Code    12  stm32f10x_flash.o(.text)
    FLASH_UnlockBank1                        0x08001203   Thumb Code    12  stm32f10x_flash.o(.text)
    FLASH_Lock                               0x0800120f   Thumb Code    14  stm32f10x_flash.o(.text)
    FLASH_LockBank1                          0x0800121d   Thumb Code    14  stm32f10x_flash.o(.text)
    FLASH_GetBank1Status                     0x0800122b   Thumb Code    48  stm32f10x_flash.o(.text)
    FLASH_WaitForLastOperation               0x0800125b   Thumb Code    38  stm32f10x_flash.o(.text)
    FLASH_ErasePage                          0x08001281   Thumb Code    72  stm32f10x_flash.o(.text)
    FLASH_EraseAllPages                      0x080012c9   Thumb Code    68  stm32f10x_flash.o(.text)
    FLASH_WaitForLastBank1Operation          0x0800130d   Thumb Code    38  stm32f10x_flash.o(.text)
    FLASH_EraseAllBank1Pages                 0x08001333   Thumb Code    68  stm32f10x_flash.o(.text)
    FLASH_GetReadOutProtectionStatus         0x08001377   Thumb Code    20  stm32f10x_flash.o(.text)
    FLASH_EraseOptionBytes                   0x0800138b   Thumb Code   150  stm32f10x_flash.o(.text)
    FLASH_ProgramWord                        0x08001421   Thumb Code   102  stm32f10x_flash.o(.text)
    FLASH_ProgramHalfWord                    0x08001487   Thumb Code    60  stm32f10x_flash.o(.text)
    FLASH_ProgramOptionByteData              0x080014c3   Thumb Code    72  stm32f10x_flash.o(.text)
    FLASH_EnableWriteProtection              0x0800150b   Thumb Code   200  stm32f10x_flash.o(.text)
    FLASH_ReadOutProtection                  0x080015d3   Thumb Code   156  stm32f10x_flash.o(.text)
    FLASH_UserOptionByteConfig               0x0800166f   Thumb Code    88  stm32f10x_flash.o(.text)
    FLASH_GetUserOptionByte                  0x080016c7   Thumb Code     8  stm32f10x_flash.o(.text)
    FLASH_GetWriteProtectionOptionByte       0x080016cf   Thumb Code     6  stm32f10x_flash.o(.text)
    FLASH_GetPrefetchBufferStatus            0x080016d5   Thumb Code    20  stm32f10x_flash.o(.text)
    FLASH_ITConfig                           0x080016e9   Thumb Code    26  stm32f10x_flash.o(.text)
    FLASH_GetFlagStatus                      0x08001703   Thumb Code    42  stm32f10x_flash.o(.text)
    FLASH_ClearFlag                          0x0800172d   Thumb Code     6  stm32f10x_flash.o(.text)
    FLASH_GetStatus                          0x08001733   Thumb Code    48  stm32f10x_flash.o(.text)
    ADC_DeInit                               0x08001775   Thumb Code    78  stm32f10x_adc.o(.text)
    ADC_Init                                 0x080017c3   Thumb Code    70  stm32f10x_adc.o(.text)
    ADC_StructInit                           0x08001809   Thumb Code    18  stm32f10x_adc.o(.text)
    ADC_Cmd                                  0x0800181b   Thumb Code    22  stm32f10x_adc.o(.text)
    ADC_DMACmd                               0x08001831   Thumb Code    22  stm32f10x_adc.o(.text)
    ADC_ITConfig                             0x08001847   Thumb Code    24  stm32f10x_adc.o(.text)
    ADC_ResetCalibration                     0x0800185f   Thumb Code    10  stm32f10x_adc.o(.text)
    ADC_GetResetCalibrationStatus            0x08001869   Thumb Code    20  stm32f10x_adc.o(.text)
    ADC_StartCalibration                     0x0800187d   Thumb Code    10  stm32f10x_adc.o(.text)
    ADC_GetCalibrationStatus                 0x08001887   Thumb Code    20  stm32f10x_adc.o(.text)
    ADC_SoftwareStartConvCmd                 0x0800189b   Thumb Code    22  stm32f10x_adc.o(.text)
    ADC_GetSoftwareStartConvStatus           0x080018b1   Thumb Code    20  stm32f10x_adc.o(.text)
    ADC_DiscModeChannelCountConfig           0x080018c5   Thumb Code    24  stm32f10x_adc.o(.text)
    ADC_DiscModeCmd                          0x080018dd   Thumb Code    22  stm32f10x_adc.o(.text)
    ADC_RegularChannelConfig                 0x080018f3   Thumb Code   184  stm32f10x_adc.o(.text)
    ADC_ExternalTrigConvCmd                  0x080019ab   Thumb Code    22  stm32f10x_adc.o(.text)
    ADC_GetConversionValue                   0x080019c1   Thumb Code     8  stm32f10x_adc.o(.text)
    ADC_GetDualModeConversionValue           0x080019c9   Thumb Code     8  stm32f10x_adc.o(.text)
    ADC_AutoInjectedConvCmd                  0x080019d1   Thumb Code    22  stm32f10x_adc.o(.text)
    ADC_InjectedDiscModeCmd                  0x080019e7   Thumb Code    22  stm32f10x_adc.o(.text)
    ADC_ExternalTrigInjectedConvConfig       0x080019fd   Thumb Code    16  stm32f10x_adc.o(.text)
    ADC_ExternalTrigInjectedConvCmd          0x08001a0d   Thumb Code    22  stm32f10x_adc.o(.text)
    ADC_SoftwareStartInjectedConvCmd         0x08001a23   Thumb Code    22  stm32f10x_adc.o(.text)
    ADC_GetSoftwareStartInjectedConvCmdStatus 0x08001a39   Thumb Code    20  stm32f10x_adc.o(.text)
    ADC_InjectedChannelConfig                0x08001a4d   Thumb Code   130  stm32f10x_adc.o(.text)
    ADC_InjectedSequencerLengthConfig        0x08001acf   Thumb Code    24  stm32f10x_adc.o(.text)
    ADC_SetInjectedOffset                    0x08001ae7   Thumb Code    20  stm32f10x_adc.o(.text)
    ADC_GetInjectedConversionValue           0x08001afb   Thumb Code    28  stm32f10x_adc.o(.text)
    ADC_AnalogWatchdogCmd                    0x08001b17   Thumb Code    16  stm32f10x_adc.o(.text)
    ADC_AnalogWatchdogThresholdsConfig       0x08001b27   Thumb Code     6  stm32f10x_adc.o(.text)
    ADC_AnalogWatchdogSingleChannelConfig    0x08001b2d   Thumb Code    16  stm32f10x_adc.o(.text)
    ADC_TempSensorVrefintCmd                 0x08001b3d   Thumb Code    64  stm32f10x_adc.o(.text)
    ADC_GetFlagStatus                        0x08001b7d   Thumb Code    18  stm32f10x_adc.o(.text)
    ADC_ClearFlag                            0x08001b8f   Thumb Code     6  stm32f10x_adc.o(.text)
    ADC_GetITStatus                          0x08001b95   Thumb Code    36  stm32f10x_adc.o(.text)
    ADC_ClearITPendingBit                    0x08001bb9   Thumb Code    10  stm32f10x_adc.o(.text)
    DMA_DeInit                               0x08001bc5   Thumb Code   324  stm32f10x_dma.o(.text)
    DMA_Init                                 0x08001d09   Thumb Code    60  stm32f10x_dma.o(.text)
    DMA_StructInit                           0x08001d45   Thumb Code    26  stm32f10x_dma.o(.text)
    DMA_Cmd                                  0x08001d5f   Thumb Code    24  stm32f10x_dma.o(.text)
    DMA_ITConfig                             0x08001d77   Thumb Code    18  stm32f10x_dma.o(.text)
    DMA_SetCurrDataCounter                   0x08001d89   Thumb Code     4  stm32f10x_dma.o(.text)
    DMA_GetCurrDataCounter                   0x08001d8d   Thumb Code     8  stm32f10x_dma.o(.text)
    DMA_GetFlagStatus                        0x08001d95   Thumb Code    40  stm32f10x_dma.o(.text)
    DMA_ClearFlag                            0x08001dbd   Thumb Code    22  stm32f10x_dma.o(.text)
    DMA_GetITStatus                          0x08001dd3   Thumb Code    40  stm32f10x_dma.o(.text)
    DMA_ClearITPendingBit                    0x08001dfb   Thumb Code    22  stm32f10x_dma.o(.text)
    Delay_Init                               0x08001e19   Thumb Code    48  delay.o(.text)
    DelayUs                                  0x08001e49   Thumb Code    60  delay.o(.text)
    DelayXms                                 0x08001e85   Thumb Code    66  delay.o(.text)
    DelayMs                                  0x08001ec7   Thumb Code    60  delay.o(.text)
    LedB15_Set                               0x08001f0d   Thumb Code    34  led.o(.text)
    LedB14_Set                               0x08001f2f   Thumb Code    34  led.o(.text)
    LedB13_Set                               0x08001f51   Thumb Code    34  led.o(.text)
    LedB12_Set                               0x08001f73   Thumb Code    34  led.o(.text)
    Led_Init                                 0x08001f95   Thumb Code    28  led.o(.text)
    Usart1_Init                              0x08001fb5   Thumb Code    96  usart.o(.text)
    Usart2_Init                              0x08002015   Thumb Code   162  usart.o(.text)
    Usart_SendString                         0x080020b7   Thumb Code    50  usart.o(.text)
    UsartPrintf                              0x080020e9   Thumb Code    72  usart.o(.text)
    USART1_IRQHandler                        0x08002131   Thumb Code    24  usart.o(.text)
    Electromotor_Pulse_Set                   0x08002155   Thumb Code    34  electromotor.o(.text)
    Electromotor_Direction_Set               0x08002177   Thumb Code    34  electromotor.o(.text)
    Electromotor_Enable_Set                  0x08002199   Thumb Code    34  electromotor.o(.text)
    Electromotor_Init                        0x080021bb   Thumb Code    22  electromotor.o(.text)
    DHT11_IO_OUT                             0x080021d5   Thumb Code    32  dht11.o(.text)
    DHT11_IO_IN                              0x080021f5   Thumb Code    26  dht11.o(.text)
    DHT11_RST                                0x0800220f   Thumb Code    40  dht11.o(.text)
    DHT11_Check                              0x08002237   Thumb Code    88  dht11.o(.text)
    DHT11_Init                               0x0800228f   Thumb Code    20  dht11.o(.text)
    DHT11_Read_Bit                           0x080022a3   Thumb Code    90  dht11.o(.text)
    DHT11_Read_Byte                          0x080022fd   Thumb Code    30  dht11.o(.text)
    DHTll_Read_Data                          0x0800231b   Thumb Code    88  dht11.o(.text)
    ADC_Init_B0                              0x08002379   Thumb Code   222  main.o(.text)
    GPIO_Configuration                       0x08002457   Thumb Code   376  main.o(.text)
    RCC_Configuration                        0x080025cf   Thumb Code   136  main.o(.text)
    Hardware_Init                            0x08002657   Thumb Code    64  main.o(.text)
    main                                     0x08002697   Thumb Code   670  main.o(.text)
    OneNET_RegisterDevice                    0x08002b8f   Thumb Code   224  onenet.o(.text)
    OneNet_DevLink                           0x08002c6f   Thumb Code   242  onenet.o(.text)
    OneNet_FillBuf                           0x08002d61   Thumb Code  1096  onenet.o(.text)
    OneNet_SendData                          0x080031a9   Thumb Code   134  onenet.o(.text)
    OneNET_Publish                           0x0800322f   Thumb Code    86  onenet.o(.text)
    OneNET_Subscribe                         0x08003285   Thumb Code    90  onenet.o(.text)
    OneNet_ping                              0x080032df   Thumb Code    38  onenet.o(.text)
    OneNet_RevPro                            0x08003305   Thumb Code   488  onenet.o(.text)
    ft                                       0x080036c5   Thumb Code    76  hmac_sha1.o(.text)
    k                                        0x08003711   Thumb Code    34  hmac_sha1.o(.text)
    rotr                                     0x08003733   Thumb Code    40  hmac_sha1.o(.text)
    rotl                                     0x0800375b   Thumb Code    46  hmac_sha1.o(.text)
    sha1                                     0x08003789   Thumb Code   632  hmac_sha1.o(.text)
    hmac_sha1                                0x08003a01   Thumb Code   360  hmac_sha1.o(.text)
    BASE64_Encode                            0x08003b69   Thumb Code   320  base64.o(.text)
    BASE64_Decode                            0x08003ca9   Thumb Code   360  base64.o(.text)
    MQTT_NewBuffer                           0x08003e19   Thumb Code    88  mqttkit.o(.text)
    MQTT_DeleteBuffer                        0x08003e71   Thumb Code    28  mqttkit.o(.text)
    MQTT_DumpLength                          0x08003e8d   Thumb Code    46  mqttkit.o(.text)
    MQTT_ReadLength                          0x08003ebb   Thumb Code    70  mqttkit.o(.text)
    MQTT_UnPacketRecv                        0x08003f01   Thumb Code   106  mqttkit.o(.text)
    MQTT_PacketConnect                       0x08003f6b   Thumb Code   666  mqttkit.o(.text)
    MQTT_PacketDisConnect                    0x08004205   Thumb Code    48  mqttkit.o(.text)
    MQTT_UnPacketConnectAck                  0x08004235   Thumb Code    30  mqttkit.o(.text)
    MQTT_PacketPublish                       0x08004253   Thumb Code   452  mqttkit.o(.text)
    MQTT_PacketSaveData                      0x08004417   Thumb Code    68  mqttkit.o(.text)
    MQTT_PacketSaveBinData                   0x0800445b   Thumb Code   192  mqttkit.o(.text)
    MQTT_UnPacketCmd                         0x0800451b   Thumb Code   140  mqttkit.o(.text)
    MQTT_PacketCmdResp                       0x080045a7   Thumb Code   132  mqttkit.o(.text)
    MQTT_PacketSubscribe                     0x0800462b   Thumb Code   254  mqttkit.o(.text)
    MQTT_UnPacketSubscribe                   0x08004729   Thumb Code    52  mqttkit.o(.text)
    MQTT_PacketUnSubscribe                   0x0800475d   Thumb Code   292  mqttkit.o(.text)
    MQTT_UnPacketUnSubscribe                 0x08004881   Thumb Code    18  mqttkit.o(.text)
    MQTT_UnPacketPublish                     0x08004893   Thumb Code   440  mqttkit.o(.text)
    MQTT_PacketPublishAck                    0x08004a4b   Thumb Code    72  mqttkit.o(.text)
    MQTT_UnPacketPublishAck                  0x08004a93   Thumb Code    30  mqttkit.o(.text)
    MQTT_PacketPublishRec                    0x08004ab1   Thumb Code    72  mqttkit.o(.text)
    MQTT_UnPacketPublishRec                  0x08004af9   Thumb Code    30  mqttkit.o(.text)
    MQTT_PacketPublishRel                    0x08004b17   Thumb Code    72  mqttkit.o(.text)
    MQTT_UnPacketPublishRel                  0x08004b5f   Thumb Code    36  mqttkit.o(.text)
    MQTT_PacketPublishComp                   0x08004b83   Thumb Code    72  mqttkit.o(.text)
    MQTT_UnPacketPublishComp                 0x08004bcb   Thumb Code    30  mqttkit.o(.text)
    MQTT_PacketPing                          0x08004be9   Thumb Code    48  mqttkit.o(.text)
    MQTT_UnPacketPing                        0x08004c19   Thumb Code    14  mqttkit.o(.text)
    ESP8266_Clear                            0x08004c29   Thumb Code    20  esp8266.o(.text)
    ESP8266_WaitRecive                       0x08004c3d   Thumb Code    42  esp8266.o(.text)
    ESP8266_SendCmd                          0x08004c67   Thumb Code    76  esp8266.o(.text)
    ESP8266_SendData                         0x08004cb3   Thumb Code    46  esp8266.o(.text)
    ESP8266_GetIPD                           0x08004ce1   Thumb Code    68  esp8266.o(.text)
    ESP8266_Init                             0x08004d25   Thumb Code   172  esp8266.o(.text)
    USART2_IRQHandler                        0x08004dd1   Thumb Code    64  esp8266.o(.text)
    malloc                                   0x08004ee5   Thumb Code    94  h1_alloc.o(.text)
    free                                     0x08004f43   Thumb Code    78  h1_free.o(.text)
    __c89vsnprintf                           0x08004f91   Thumb Code    48  c89vsnprintf.o(.text)
    __2sprintf                               0x08004fc5   Thumb Code    38  __2sprintf.o(.text)
    __2snprintf                              0x08004ff1   Thumb Code    50  __2snprintf.o(.text)
    _printf_pre_padding                      0x08005029   Thumb Code    44  _printf_pad.o(.text)
    _printf_post_padding                     0x08005055   Thumb Code    34  _printf_pad.o(.text)
    _printf_str                              0x08005077   Thumb Code    82  _printf_str.o(.text)
    _printf_int_dec                          0x080050c9   Thumb Code   104  _printf_dec.o(.text)
    __printf                                 0x08005141   Thumb Code   388  __printf_flags_ss_wp.o(.text)
    __0sscanf                                0x080052c9   Thumb Code    52  __0sscanf.o(.text)
    _scanf_int                               0x08005305   Thumb Code   332  _scanf_int.o(.text)
    _scanf_string                            0x08005451   Thumb Code   224  _scanf_str.o(.text)
    atoi                                     0x08005531   Thumb Code    26  atoi.o(.text)
    strchr                                   0x0800554b   Thumb Code    20  strchr.o(.text)
    strncat                                  0x0800555f   Thumb Code    36  strncat.o(.text)
    strstr                                   0x08005583   Thumb Code    36  strstr.o(.text)
    strcpy                                   0x080055a7   Thumb Code    72  strcpy.o(.text)
    strlen                                   0x080055ef   Thumb Code    62  strlen.o(.text)
    strcat                                   0x0800562d   Thumb Code    24  strcat.o(.text)
    __aeabi_memcpy                           0x08005645   Thumb Code     0  rt_memcpy_v6.o(.text)
    __rt_memcpy                              0x08005645   Thumb Code   138  rt_memcpy_v6.o(.text)
    _memcpy_lastbytes                        0x080056ab   Thumb Code     0  rt_memcpy_v6.o(.text)
    __aeabi_memclr                           0x080056cf   Thumb Code     0  rt_memclr.o(.text)
    __rt_memclr                              0x080056cf   Thumb Code    68  rt_memclr.o(.text)
    _memset                                  0x080056d3   Thumb Code     0  rt_memclr.o(.text)
    __aeabi_memclr4                          0x08005713   Thumb Code     0  rt_memclr_w.o(.text)
    __aeabi_memclr8                          0x08005713   Thumb Code     0  rt_memclr_w.o(.text)
    __rt_memclr_w                            0x08005713   Thumb Code    78  rt_memclr_w.o(.text)
    _memset_w                                0x08005717   Thumb Code     0  rt_memclr_w.o(.text)
    __use_two_region_memory                  0x08005761   Thumb Code     2  heapauxi.o(.text)
    __rt_heap_escrow                         0x08005763   Thumb Code     2  heapauxi.o(.text)
    __rt_heap_expand                         0x08005765   Thumb Code     2  heapauxi.o(.text)
    __rt_heap_descriptor                     0x08005769   Thumb Code     8  rt_heap_descriptor_intlibspace.o(.text)
    __aeabi_errno_addr                       0x08005771   Thumb Code     8  rt_errno_addr_intlibspace.o(.text)
    __errno$intlibspace                      0x08005771   Thumb Code     0  rt_errno_addr_intlibspace.o(.text)
    __rt_errno_addr$intlibspace              0x08005771   Thumb Code     0  rt_errno_addr_intlibspace.o(.text)
    __use_no_heap                            0x08005779   Thumb Code     2  hguard.o(.text)
    __heap$guard                             0x0800577b   Thumb Code     2  hguard.o(.text)
    _terminate_user_alloc                    0x0800577d   Thumb Code     2  init_alloc.o(.text)
    _init_user_alloc                         0x0800577f   Thumb Code     2  init_alloc.o(.text)
    __Heap_Full                              0x08005781   Thumb Code    34  init_alloc.o(.text)
    __Heap_Broken                            0x080057a3   Thumb Code     6  init_alloc.o(.text)
    _init_alloc                              0x080057a9   Thumb Code    94  init_alloc.o(.text)
    __Heap_Initialize                        0x08005807   Thumb Code    10  h1_init.o(.text)
    __Heap_DescSize                          0x08005811   Thumb Code     4  h1_init.o(.text)
    _printf_truncate_signed                  0x08005815   Thumb Code    18  _printf_truncate.o(.text)
    _printf_truncate_unsigned                0x08005827   Thumb Code    18  _printf_truncate.o(.text)
    _printf_int_common                       0x08005839   Thumb Code   178  _printf_intcommon.o(.text)
    _printf_charcount                        0x080058eb   Thumb Code    40  _printf_charcount.o(.text)
    __lib_sel_fp_printf                      0x08005913   Thumb Code     2  _printf_fp_dec.o(.text)
    _printf_fp_dec_real                      0x08005ac1   Thumb Code   620  _printf_fp_dec.o(.text)
    _printf_char_common                      0x08005d37   Thumb Code    32  _printf_char_common.o(.text)
    _sputc                                   0x08005d5d   Thumb Code    10  _sputc.o(.text)
    _snputc                                  0x08005d67   Thumb Code    16  _snputc.o(.text)
    _printf_cs_common                        0x08005d77   Thumb Code    20  _printf_char.o(.text)
    _printf_char                             0x08005d8b   Thumb Code    16  _printf_char.o(.text)
    _printf_string                           0x08005d9b   Thumb Code     8  _printf_char.o(.text)
    _printf_wctomb                           0x08005da5   Thumb Code   182  _printf_wctomb.o(.text)
    _printf_longlong_dec                     0x08005e61   Thumb Code   108  _printf_longlong_dec.o(.text)
    _printf_longlong_oct                     0x08005edd   Thumb Code    68  _printf_oct_int_ll.o(.text)
    _printf_int_oct                          0x08005f21   Thumb Code    24  _printf_oct_int_ll.o(.text)
    _printf_ll_oct                           0x08005f39   Thumb Code    12  _printf_oct_int_ll.o(.text)
    _printf_longlong_hex                     0x08005f4d   Thumb Code    86  _printf_hex_int_ll_ptr.o(.text)
    _printf_int_hex                          0x08005fa3   Thumb Code    28  _printf_hex_int_ll_ptr.o(.text)
    _printf_ll_hex                           0x08005fbf   Thumb Code    12  _printf_hex_int_ll_ptr.o(.text)
    _printf_hex_ptr                          0x08005fcb   Thumb Code    18  _printf_hex_int_ll_ptr.o(.text)
    _chval                                   0x08005fe1   Thumb Code    28  _chval.o(.text)
    __vfscanf_char                           0x08006009   Thumb Code    24  scanf_char.o(.text)
    _sgetc                                   0x08006029   Thumb Code    30  _sgetc.o(.text)
    _sbackspace                              0x08006047   Thumb Code    34  _sgetc.o(.text)
    strtol                                   0x08006069   Thumb Code   112  strtol.o(.text)
    __aeabi_memcpy4                          0x080060d9   Thumb Code     0  rt_memcpy_w.o(.text)
    __aeabi_memcpy8                          0x080060d9   Thumb Code     0  rt_memcpy_w.o(.text)
    __rt_memcpy_w                            0x080060d9   Thumb Code   100  rt_memcpy_w.o(.text)
    _memcpy_lastbytes_aligned                0x08006121   Thumb Code     0  rt_memcpy_w.o(.text)
    __user_libspace                          0x0800613d   Thumb Code     8  libspace.o(.text)
    __user_perproc_libspace                  0x0800613d   Thumb Code     0  libspace.o(.text)
    __user_perthread_libspace                0x0800613d   Thumb Code     0  libspace.o(.text)
    __rt_ctype_table                         0x08006145   Thumb Code    16  rt_ctype_table.o(.text)
    __rt_locale                              0x08006155   Thumb Code     8  rt_locale_intlibspace.o(.text)
    __Heap_ProvideMemory                     0x0800615d   Thumb Code    52  h1_extend.o(.text)
    _ll_udiv10                               0x08006191   Thumb Code   138  lludiv10.o(.text)
    isspace                                  0x0800621b   Thumb Code    18  isspace.o(.text)
    _printf_fp_infnan                        0x0800622d   Thumb Code   112  _printf_fp_infnan.o(.text)
    _printf_lcs_common                       0x080062ad   Thumb Code    20  _printf_wchar.o(.text)
    _printf_wchar                            0x080062c1   Thumb Code    16  _printf_wchar.o(.text)
    _printf_wstring                          0x080062d1   Thumb Code     8  _printf_wchar.o(.text)
    __vfscanf                                0x080062d9   Thumb Code   878  _scanf.o(.text)
    _strtoul                                 0x0800664d   Thumb Code   158  _strtoul.o(.text)
    _btod_etento                             0x080066ed   Thumb Code   216  bigflt0.o(.text)
    _wcrtomb                                 0x080067c9   Thumb Code    64  _wcrtomb.o(.text)
    __rt_SIGRTMEM                            0x08006809   Thumb Code    14  defsig_rtmem_outer.o(.text)
    __I$use$semihosting                      0x08006817   Thumb Code     0  use_no_semi.o(.text)
    __use_no_semihosting_swi                 0x08006817   Thumb Code     2  use_no_semi.o(.text)
    __semihosting_library_function           0x08006819   Thumb Code     0  indicate_semi.o(.text)
    __user_setup_stackheap                   0x08006819   Thumb Code    74  sys_stackheap_outer.o(.text)
    exit                                     0x08006863   Thumb Code    12  exit.o(.text)
    __sig_exit                               0x0800686f   Thumb Code    10  defsig_exit.o(.text)
    __rt_SIGRTMEM_inner                      0x08006879   Thumb Code    22  defsig_rtmem_inner.o(.text)
    strcmp                                   0x080068c9   Thumb Code   128  strcmpv7m.o(.text)
    _sys_exit                                0x08006949   Thumb Code     8  sys_exit.o(.text)
    __default_signal_display                 0x08006955   Thumb Code    50  defsig_general.o(.text)
    _ttywrch                                 0x08006987   Thumb Code    14  sys_wrch.o(.text)
    _btod_d2e                                0x08006995   Thumb Code    62  btod.o(CL$$btod_d2e)
    _d2e_denorm_low                          0x080069d3   Thumb Code    70  btod.o(CL$$btod_d2e_denorm_low)
    _d2e_norm_op1                            0x08006a19   Thumb Code    96  btod.o(CL$$btod_d2e_norm_op1)
    __btod_div_common                        0x08006a79   Thumb Code   696  btod.o(CL$$btod_div_common)
    _e2e                                     0x08006db1   Thumb Code   198  btod.o(CL$$btod_e2e)
    _btod_ediv                               0x08006e77   Thumb Code    40  btod.o(CL$$btod_ediv)
    _btod_emul                               0x08006e9f   Thumb Code    40  btod.o(CL$$btod_emul)
    __btod_mult_common                       0x08006ec7   Thumb Code   580  btod.o(CL$$btod_mult_common)
    __ARM_fpclassify                         0x0800710b   Thumb Code    40  fpclassify.o(i.__ARM_fpclassify)
    _is_digit                                0x08007133   Thumb Code    14  __printf_wp.o(i._is_digit)
    _get_lc_numeric                          0x08007141   Thumb Code    44  lc_numeric_c.o(locale$$code)
    _get_lc_ctype                            0x0800716d   Thumb Code    44  lc_ctype_c.o(locale$$code)
    __aeabi_dadd                             0x08007199   Thumb Code     0  daddsub_clz.o(x$fpl$dadd)
    _dadd                                    0x08007199   Thumb Code   332  daddsub_clz.o(x$fpl$dadd)
    __aeabi_ddiv                             0x080072e9   Thumb Code     0  ddiv.o(x$fpl$ddiv)
    _ddiv                                    0x080072e9   Thumb Code   552  ddiv.o(x$fpl$ddiv)
    __aeabi_ui2d                             0x08007599   Thumb Code     0  dflt_clz.o(x$fpl$dfltu)
    _dfltu                                   0x08007599   Thumb Code    38  dflt_clz.o(x$fpl$dfltu)
    __aeabi_dmul                             0x080075c1   Thumb Code     0  dmul.o(x$fpl$dmul)
    _dmul                                    0x080075c1   Thumb Code   332  dmul.o(x$fpl$dmul)
    __fpl_dnaninf                            0x08007715   Thumb Code   156  dnaninf.o(x$fpl$dnaninf)
    __fpl_dretinf                            0x080077b1   Thumb Code    12  dretinf.o(x$fpl$dretinf)
    __aeabi_drsub                            0x080077bd   Thumb Code     0  daddsub_clz.o(x$fpl$drsb)
    _drsb                                    0x080077bd   Thumb Code    22  daddsub_clz.o(x$fpl$drsb)
    __aeabi_dsub                             0x080077d5   Thumb Code     0  daddsub_clz.o(x$fpl$dsub)
    _dsub                                    0x080077d5   Thumb Code   464  daddsub_clz.o(x$fpl$dsub)
    _printf_fp_dec                           0x080079a9   Thumb Code     4  printf1.o(x$fpl$printf1)
    __I$use$fp                               0x080079ac   Number         0  usenofp.o(x$fpl$usenofp)
    Region$$Table$$Base                      0x08007c68   Number         0  anon$$obj.o(Region$$Table)
    Region$$Table$$Limit                     0x08007c88   Number         0  anon$$obj.o(Region$$Table)
    __ctype                                  0x08007cb1   Data           0  lc_ctype_c.o(locale$$data)
    SystemCoreClock                          0x20000000   Data           4  system_stm32f10x.o(.data)
    AHBPrescTable                            0x20000004   Data          16  system_stm32f10x.o(.data)
    UsCount                                  0x20000028   Data           1  delay.o(.data)
    MsCount                                  0x2000002a   Data           2  delay.o(.data)
    led_status                               0x2000002c   Data           4  led.o(.data)
    GPIO_InitStructure                       0x20000030   Data           4  main.o(.data)
    ADCConvertedValue                        0x20000034   Data           8  main.o(.data)
    power                                    0x20000040   Data           8  main.o(.data)
    temperatrue                              0x20000048   Data           8  main.o(.data)
    DHT_temp                                 0x20000050   Data           8  main.o(.data)
    DHT_humi                                 0x20000058   Data           8  main.o(.data)
    esp8266_cnt                              0x20000062   Data           2  esp8266.o(.data)
    esp8266_cntPre                           0x20000064   Data           2  esp8266.o(.data)
    DMA_InitStructure                        0x20000068   Data          44  main.o(.bss)
    ADC_InitStructure                        0x20000094   Data          20  main.o(.bss)
    devid                                    0x200000a8   Data          16  onenet.o(.bss)
    key                                      0x200000b8   Data          48  onenet.o(.bss)
    esp8266_buf                              0x200000e8   Data         512  esp8266.o(.bss)
    __libspace_start                         0x200002e8   Data          96  libspace.o(.bss)
    __temporary_stack_top$libspace           0x20000348   Data           0  libspace.o(.bss)



==============================================================================

Memory Map of the image

  Image Entry point : 0x08000131

  Load Region LR_IROM1 (Base: 0x08000000, Size: 0x00007e1c, Max: 0x00008000, ABSOLUTE)

    Execution Region ER_IROM1 (Base: 0x08000000, Size: 0x00007db4, Max: 0x00008000, ABSOLUTE)

    Base Addr    Size         Type   Attr      Idx    E Section Name        Object

    0x08000000   0x00000130   Data   RO          139    RESET               startup_stm32f10x_hd.o
    0x08000130   0x00000008   Code   RO          694  * !!!main             c_w.l(__main.o)
    0x08000138   0x00000034   Code   RO         1062    !!!scatter          c_w.l(__scatter.o)
    0x0800016c   0x0000001a   Code   RO         1064    !!handler_copy      c_w.l(__scatter_copy.o)
    0x08000186   0x00000002   PAD
    0x08000188   0x0000001c   Code   RO         1066    !!handler_zi        c_w.l(__scatter_zi.o)
    0x080001a4   0x00000000   Code   RO          665    .ARM.Collect$$_printf_percent$$00000000  c_w.l(_printf_percent.o)
    0x080001a4   0x00000006   Code   RO          798    .ARM.Collect$$_printf_percent$$00000001  c_w.l(_printf_n.o)
    0x080001aa   0x00000006   Code   RO          800    .ARM.Collect$$_printf_percent$$00000002  c_w.l(_printf_p.o)
    0x080001b0   0x00000006   Code   RO          664    .ARM.Collect$$_printf_percent$$00000003  c_w.l(_printf_f.o)
    0x080001b6   0x00000006   Code   RO          804    .ARM.Collect$$_printf_percent$$00000004  c_w.l(_printf_e.o)
    0x080001bc   0x00000006   Code   RO          805    .ARM.Collect$$_printf_percent$$00000005  c_w.l(_printf_g.o)
    0x080001c2   0x00000006   Code   RO          806    .ARM.Collect$$_printf_percent$$00000006  c_w.l(_printf_a.o)
    0x080001c8   0x0000000a   Code   RO          811    .ARM.Collect$$_printf_percent$$00000007  c_w.l(_printf_ll.o)
    0x080001d2   0x00000006   Code   RO          802    .ARM.Collect$$_printf_percent$$00000008  c_w.l(_printf_i.o)
    0x080001d8   0x00000006   Code   RO          663    .ARM.Collect$$_printf_percent$$00000009  c_w.l(_printf_d.o)
    0x080001de   0x00000006   Code   RO          803    .ARM.Collect$$_printf_percent$$0000000A  c_w.l(_printf_u.o)
    0x080001e4   0x00000006   Code   RO          801    .ARM.Collect$$_printf_percent$$0000000B  c_w.l(_printf_o.o)
    0x080001ea   0x00000006   Code   RO          799    .ARM.Collect$$_printf_percent$$0000000C  c_w.l(_printf_x.o)
    0x080001f0   0x00000006   Code   RO          808    .ARM.Collect$$_printf_percent$$0000000D  c_w.l(_printf_lli.o)
    0x080001f6   0x00000006   Code   RO          809    .ARM.Collect$$_printf_percent$$0000000E  c_w.l(_printf_lld.o)
    0x080001fc   0x00000006   Code   RO          810    .ARM.Collect$$_printf_percent$$0000000F  c_w.l(_printf_llu.o)
    0x08000202   0x00000006   Code   RO          815    .ARM.Collect$$_printf_percent$$00000010  c_w.l(_printf_llo.o)
    0x08000208   0x00000006   Code   RO          816    .ARM.Collect$$_printf_percent$$00000011  c_w.l(_printf_llx.o)
    0x0800020e   0x0000000a   Code   RO          812    .ARM.Collect$$_printf_percent$$00000012  c_w.l(_printf_l.o)
    0x08000218   0x00000006   Code   RO          797    .ARM.Collect$$_printf_percent$$00000013  c_w.l(_printf_c.o)
    0x0800021e   0x00000006   Code   RO          662    .ARM.Collect$$_printf_percent$$00000014  c_w.l(_printf_s.o)
    0x08000224   0x00000006   Code   RO          813    .ARM.Collect$$_printf_percent$$00000015  c_w.l(_printf_lc.o)
    0x0800022a   0x00000006   Code   RO          814    .ARM.Collect$$_printf_percent$$00000016  c_w.l(_printf_ls.o)
    0x08000230   0x00000004   Code   RO          807    .ARM.Collect$$_printf_percent$$00000017  c_w.l(_printf_percent_end.o)
    0x08000234   0x00000002   Code   RO         1002    .ARM.Collect$$libinit$$00000000  c_w.l(libinit.o)
    0x08000236   0x00000000   Code   RO          830    .ARM.Collect$$libinit$$00000002  c_w.l(libinit2.o)
    0x08000236   0x00000000   Code   RO          832    .ARM.Collect$$libinit$$00000004  c_w.l(libinit2.o)
    0x08000236   0x00000008   Code   RO          833    .ARM.Collect$$libinit$$00000005  c_w.l(libinit2.o)
    0x0800023e   0x00000000   Code   RO          835    .ARM.Collect$$libinit$$0000000A  c_w.l(libinit2.o)
    0x0800023e   0x00000000   Code   RO          837    .ARM.Collect$$libinit$$0000000C  c_w.l(libinit2.o)
    0x0800023e   0x00000000   Code   RO          839    .ARM.Collect$$libinit$$0000000E  c_w.l(libinit2.o)
    0x0800023e   0x00000006   Code   RO          840    .ARM.Collect$$libinit$$0000000F  c_w.l(libinit2.o)
    0x08000244   0x00000000   Code   RO          842    .ARM.Collect$$libinit$$00000011  c_w.l(libinit2.o)
    0x08000244   0x0000000c   Code   RO          843    .ARM.Collect$$libinit$$00000012  c_w.l(libinit2.o)
    0x08000250   0x00000000   Code   RO          844    .ARM.Collect$$libinit$$00000013  c_w.l(libinit2.o)
    0x08000250   0x00000000   Code   RO          846    .ARM.Collect$$libinit$$00000015  c_w.l(libinit2.o)
    0x08000250   0x0000000a   Code   RO          847    .ARM.Collect$$libinit$$00000016  c_w.l(libinit2.o)
    0x0800025a   0x00000000   Code   RO          848    .ARM.Collect$$libinit$$00000017  c_w.l(libinit2.o)
    0x0800025a   0x00000000   Code   RO          850    .ARM.Collect$$libinit$$00000019  c_w.l(libinit2.o)
    0x0800025a   0x00000000   Code   RO          852    .ARM.Collect$$libinit$$0000001B  c_w.l(libinit2.o)
    0x0800025a   0x00000000   Code   RO          854    .ARM.Collect$$libinit$$0000001D  c_w.l(libinit2.o)
    0x0800025a   0x00000000   Code   RO          856    .ARM.Collect$$libinit$$0000001F  c_w.l(libinit2.o)
    0x0800025a   0x00000000   Code   RO          858    .ARM.Collect$$libinit$$00000021  c_w.l(libinit2.o)
    0x0800025a   0x00000000   Code   RO          860    .ARM.Collect$$libinit$$00000023  c_w.l(libinit2.o)
    0x0800025a   0x00000000   Code   RO          862    .ARM.Collect$$libinit$$00000025  c_w.l(libinit2.o)
    0x0800025a   0x00000000   Code   RO          866    .ARM.Collect$$libinit$$0000002C  c_w.l(libinit2.o)
    0x0800025a   0x00000000   Code   RO          868    .ARM.Collect$$libinit$$0000002E  c_w.l(libinit2.o)
    0x0800025a   0x00000000   Code   RO          870    .ARM.Collect$$libinit$$00000030  c_w.l(libinit2.o)
    0x0800025a   0x00000000   Code   RO          872    .ARM.Collect$$libinit$$00000032  c_w.l(libinit2.o)
    0x0800025a   0x00000002   Code   RO          873    .ARM.Collect$$libinit$$00000033  c_w.l(libinit2.o)
    0x0800025c   0x00000002   Code   RO         1059    .ARM.Collect$$libshutdown$$00000000  c_w.l(libshutdown.o)
    0x0800025e   0x00000000   Code   RO         1017    .ARM.Collect$$libshutdown$$00000003  c_w.l(libshutdown2.o)
    0x0800025e   0x00000000   Code   RO         1020    .ARM.Collect$$libshutdown$$00000006  c_w.l(libshutdown2.o)
    0x0800025e   0x00000000   Code   RO         1023    .ARM.Collect$$libshutdown$$00000009  c_w.l(libshutdown2.o)
    0x0800025e   0x00000000   Code   RO         1025    .ARM.Collect$$libshutdown$$0000000B  c_w.l(libshutdown2.o)
    0x0800025e   0x00000000   Code   RO         1028    .ARM.Collect$$libshutdown$$0000000E  c_w.l(libshutdown2.o)
    0x0800025e   0x00000002   Code   RO         1029    .ARM.Collect$$libshutdown$$0000000F  c_w.l(libshutdown2.o)
    0x08000260   0x00000000   Code   RO          718    .ARM.Collect$$rtentry$$00000000  c_w.l(__rtentry.o)
    0x08000260   0x00000000   Code   RO          885    .ARM.Collect$$rtentry$$00000002  c_w.l(__rtentry2.o)
    0x08000260   0x00000006   Code   RO          897    .ARM.Collect$$rtentry$$00000004  c_w.l(__rtentry4.o)
    0x08000266   0x00000000   Code   RO          887    .ARM.Collect$$rtentry$$00000009  c_w.l(__rtentry2.o)
    0x08000266   0x00000004   Code   RO          888    .ARM.Collect$$rtentry$$0000000A  c_w.l(__rtentry2.o)
    0x0800026a   0x00000000   Code   RO          890    .ARM.Collect$$rtentry$$0000000C  c_w.l(__rtentry2.o)
    0x0800026a   0x00000008   Code   RO          891    .ARM.Collect$$rtentry$$0000000D  c_w.l(__rtentry2.o)
    0x08000272   0x00000002   Code   RO         1005    .ARM.Collect$$rtexit$$00000000  c_w.l(rtexit.o)
    0x08000274   0x00000000   Code   RO         1033    .ARM.Collect$$rtexit$$00000002  c_w.l(rtexit2.o)
    0x08000274   0x00000004   Code   RO         1034    .ARM.Collect$$rtexit$$00000003  c_w.l(rtexit2.o)
    0x08000278   0x00000006   Code   RO         1035    .ARM.Collect$$rtexit$$00000004  c_w.l(rtexit2.o)
    0x0800027e   0x00000002   PAD
    0x08000280   0x00000000   Code   RO          908    .emb_text           c_w.l(maybetermalloc1.o)
    0x08000280   0x00000134   Code   RO           17    .text               stm32f10x_it.o
    0x080003b4   0x000001e0   Code   RO          119    .text               system_stm32f10x.o
    0x08000594   0x00000040   Code   RO          140    .text               startup_stm32f10x_hd.o
    0x080005d4   0x000000dc   Code   RO          144    .text               misc.o
    0x080006b0   0x0000035c   Code   RO          182    .text               stm32f10x_gpio.o
    0x08000a0c   0x000003a4   Code   RO          194    .text               stm32f10x_rcc.o
    0x08000db0   0x00000408   Code   RO          208    .text               stm32f10x_usart.o
    0x080011b8   0x000005bc   Code   RO          220    .text               stm32f10x_flash.o
    0x08001774   0x0000044e   Code   RO          232    .text               stm32f10x_adc.o
    0x08001bc2   0x00000002   PAD
    0x08001bc4   0x00000254   Code   RO          244    .text               stm32f10x_dma.o
    0x08001e18   0x000000f4   Code   RO          274    .text               delay.o
    0x08001f0c   0x000000a8   Code   RO          308    .text               led.o
    0x08001fb4   0x000001a0   Code   RO          326    .text               usart.o
    0x08002154   0x00000080   Code   RO          348    .text               electromotor.o
    0x080021d4   0x000001a4   Code   RO          363    .text               dht11.o
    0x08002378   0x00000604   Code   RO          381    .text               main.o
    0x0800297c   0x00000d48   Code   RO          418    .text               onenet.o
    0x080036c4   0x000004a4   Code   RO          465    .text               hmac_sha1.o
    0x08003b68   0x000002b0   Code   RO          487    .text               base64.o
    0x08003e18   0x00000e0e   Code   RO          508    .text               mqttkit.o
    0x08004c26   0x00000002   PAD
    0x08004c28   0x000002bc   Code   RO          536    .text               esp8266.o
    0x08004ee4   0x0000005e   Code   RO          566    .text               c_w.l(h1_alloc.o)
    0x08004f42   0x0000004e   Code   RO          568    .text               c_w.l(h1_free.o)
    0x08004f90   0x00000034   Code   RO          624    .text               c_w.l(c89vsnprintf.o)
    0x08004fc4   0x0000002c   Code   RO          626    .text               c_w.l(__2sprintf.o)
    0x08004ff0   0x00000038   Code   RO          628    .text               c_w.l(__2snprintf.o)
    0x08005028   0x0000004e   Code   RO          636    .text               c_w.l(_printf_pad.o)
    0x08005076   0x00000052   Code   RO          638    .text               c_w.l(_printf_str.o)
    0x080050c8   0x00000078   Code   RO          640    .text               c_w.l(_printf_dec.o)
    0x08005140   0x00000188   Code   RO          659    .text               c_w.l(__printf_flags_ss_wp.o)
    0x080052c8   0x0000003c   Code   RO          666    .text               c_w.l(__0sscanf.o)
    0x08005304   0x0000014c   Code   RO          668    .text               c_w.l(_scanf_int.o)
    0x08005450   0x000000e0   Code   RO          670    .text               c_w.l(_scanf_str.o)
    0x08005530   0x0000001a   Code   RO          672    .text               c_w.l(atoi.o)
    0x0800554a   0x00000014   Code   RO          674    .text               c_w.l(strchr.o)
    0x0800555e   0x00000024   Code   RO          676    .text               c_w.l(strncat.o)
    0x08005582   0x00000024   Code   RO          678    .text               c_w.l(strstr.o)
    0x080055a6   0x00000048   Code   RO          680    .text               c_w.l(strcpy.o)
    0x080055ee   0x0000003e   Code   RO          682    .text               c_w.l(strlen.o)
    0x0800562c   0x00000018   Code   RO          684    .text               c_w.l(strcat.o)
    0x08005644   0x0000008a   Code   RO          686    .text               c_w.l(rt_memcpy_v6.o)
    0x080056ce   0x00000044   Code   RO          688    .text               c_w.l(rt_memclr.o)
    0x08005712   0x0000004e   Code   RO          690    .text               c_w.l(rt_memclr_w.o)
    0x08005760   0x00000006   Code   RO          692    .text               c_w.l(heapauxi.o)
    0x08005766   0x00000002   PAD
    0x08005768   0x00000008   Code   RO          722    .text               c_w.l(rt_heap_descriptor_intlibspace.o)
    0x08005770   0x00000008   Code   RO          727    .text               c_w.l(rt_errno_addr_intlibspace.o)
    0x08005778   0x00000004   Code   RO          729    .text               c_w.l(hguard.o)
    0x0800577c   0x0000008a   Code   RO          731    .text               c_w.l(init_alloc.o)
    0x08005806   0x0000000e   Code   RO          735    .text               c_w.l(h1_init.o)
    0x08005814   0x00000024   Code   RO          749    .text               c_w.l(_printf_truncate.o)
    0x08005838   0x000000b2   Code   RO          751    .text               c_w.l(_printf_intcommon.o)
    0x080058ea   0x00000028   Code   RO          753    .text               c_w.l(_printf_charcount.o)
    0x08005912   0x0000041a   Code   RO          755    .text               c_w.l(_printf_fp_dec.o)
    0x08005d2c   0x00000030   Code   RO          757    .text               c_w.l(_printf_char_common.o)
    0x08005d5c   0x0000000a   Code   RO          759    .text               c_w.l(_sputc.o)
    0x08005d66   0x00000010   Code   RO          761    .text               c_w.l(_snputc.o)
    0x08005d76   0x0000002c   Code   RO          763    .text               c_w.l(_printf_char.o)
    0x08005da2   0x00000002   PAD
    0x08005da4   0x000000bc   Code   RO          765    .text               c_w.l(_printf_wctomb.o)
    0x08005e60   0x0000007c   Code   RO          768    .text               c_w.l(_printf_longlong_dec.o)
    0x08005edc   0x00000070   Code   RO          774    .text               c_w.l(_printf_oct_int_ll.o)
    0x08005f4c   0x00000094   Code   RO          794    .text               c_w.l(_printf_hex_int_ll_ptr.o)
    0x08005fe0   0x0000001c   Code   RO          817    .text               c_w.l(_chval.o)
    0x08005ffc   0x0000002c   Code   RO          819    .text               c_w.l(scanf_char.o)
    0x08006028   0x00000040   Code   RO          821    .text               c_w.l(_sgetc.o)
    0x08006068   0x00000070   Code   RO          823    .text               c_w.l(strtol.o)
    0x080060d8   0x00000064   Code   RO          825    .text               c_w.l(rt_memcpy_w.o)
    0x0800613c   0x00000008   Code   RO          881    .text               c_w.l(libspace.o)
    0x08006144   0x00000010   Code   RO          899    .text               c_w.l(rt_ctype_table.o)
    0x08006154   0x00000008   Code   RO          904    .text               c_w.l(rt_locale_intlibspace.o)
    0x0800615c   0x00000034   Code   RO          910    .text               c_w.l(h1_extend.o)
    0x08006190   0x0000008a   Code   RO          914    .text               c_w.l(lludiv10.o)
    0x0800621a   0x00000012   Code   RO          916    .text               c_w.l(isspace.o)
    0x0800622c   0x00000080   Code   RO          918    .text               c_w.l(_printf_fp_infnan.o)
    0x080062ac   0x0000002c   Code   RO          922    .text               c_w.l(_printf_wchar.o)
    0x080062d8   0x00000374   Code   RO          924    .text               c_w.l(_scanf.o)
    0x0800664c   0x0000009e   Code   RO          926    .text               c_w.l(_strtoul.o)
    0x080066ea   0x00000002   PAD
    0x080066ec   0x000000dc   Code   RO          928    .text               c_w.l(bigflt0.o)
    0x080067c8   0x00000040   Code   RO          953    .text               c_w.l(_wcrtomb.o)
    0x08006808   0x0000000e   Code   RO          958    .text               c_w.l(defsig_rtmem_outer.o)
    0x08006816   0x00000002   Code   RO          973    .text               c_w.l(use_no_semi.o)
    0x08006818   0x00000000   Code   RO          975    .text               c_w.l(indicate_semi.o)
    0x08006818   0x0000004a   Code   RO          976    .text               c_w.l(sys_stackheap_outer.o)
    0x08006862   0x0000000c   Code   RO          985    .text               c_w.l(exit.o)
    0x0800686e   0x0000000a   Code   RO          987    .text               c_w.l(defsig_exit.o)
    0x08006878   0x00000050   Code   RO          989    .text               c_w.l(defsig_rtmem_inner.o)
    0x080068c8   0x00000080   Code   RO          991    .text               c_w.l(strcmpv7m.o)
    0x08006948   0x0000000c   Code   RO         1003    .text               c_w.l(sys_exit.o)
    0x08006954   0x00000032   Code   RO         1013    .text               c_w.l(defsig_general.o)
    0x08006986   0x0000000e   Code   RO         1030    .text               c_w.l(sys_wrch.o)
    0x08006994   0x0000003e   Code   RO          931    CL$$btod_d2e        c_w.l(btod.o)
    0x080069d2   0x00000046   Code   RO          933    CL$$btod_d2e_denorm_low  c_w.l(btod.o)
    0x08006a18   0x00000060   Code   RO          932    CL$$btod_d2e_norm_op1  c_w.l(btod.o)
    0x08006a78   0x00000338   Code   RO          941    CL$$btod_div_common  c_w.l(btod.o)
    0x08006db0   0x000000c6   Code   RO          938    CL$$btod_e2e        c_w.l(btod.o)
    0x08006e76   0x00000028   Code   RO          935    CL$$btod_ediv       c_w.l(btod.o)
    0x08006e9e   0x00000028   Code   RO          934    CL$$btod_emul       c_w.l(btod.o)
    0x08006ec6   0x00000244   Code   RO          940    CL$$btod_mult_common  c_w.l(btod.o)
    0x0800710a   0x00000028   Code   RO          971    i.__ARM_fpclassify  m_ws.l(fpclassify.o)
    0x08007132   0x0000000e   Code   RO          652    i._is_digit         c_w.l(__printf_wp.o)
    0x08007140   0x0000002c   Code   RO          956    locale$$code        c_w.l(lc_numeric_c.o)
    0x0800716c   0x0000002c   Code   RO          983    locale$$code        c_w.l(lc_ctype_c.o)
    0x08007198   0x00000150   Code   RO          696    x$fpl$dadd          fz_ws.l(daddsub_clz.o)
    0x080072e8   0x000002b0   Code   RO          703    x$fpl$ddiv          fz_ws.l(ddiv.o)
    0x08007598   0x00000026   Code   RO          706    x$fpl$dfltu         fz_ws.l(dflt_clz.o)
    0x080075be   0x00000002   PAD
    0x080075c0   0x00000154   Code   RO          712    x$fpl$dmul          fz_ws.l(dmul.o)
    0x08007714   0x0000009c   Code   RO          874    x$fpl$dnaninf       fz_ws.l(dnaninf.o)
    0x080077b0   0x0000000c   Code   RO          876    x$fpl$dretinf       fz_ws.l(dretinf.o)
    0x080077bc   0x00000016   Code   RO          697    x$fpl$drsb          fz_ws.l(daddsub_clz.o)
    0x080077d2   0x00000002   PAD
    0x080077d4   0x000001d4   Code   RO          698    x$fpl$dsub          fz_ws.l(daddsub_clz.o)
    0x080079a8   0x00000004   Code   RO          714    x$fpl$printf1       fz_ws.l(printf1.o)
    0x080079ac   0x00000000   Code   RO          878    x$fpl$usenofp       fz_ws.l(usenofp.o)
    0x080079ac   0x000000c0   Data   RO          488    .constdata          base64.o
    0x08007a6c   0x00000011   Data   RO          660    .constdata          c_w.l(__printf_flags_ss_wp.o)
    0x08007a7d   0x00000003   PAD
    0x08007a80   0x00000008   Data   RO          766    .constdata          c_w.l(_printf_wctomb.o)
    0x08007a88   0x00000028   Data   RO          795    .constdata          c_w.l(_printf_hex_int_ll_ptr.o)
    0x08007ab0   0x00000094   Data   RO          929    .constdata          c_w.l(bigflt0.o)
    0x08007b44   0x00000123   Data   RO          420    .conststring        onenet.o
    0x08007c67   0x00000001   PAD
    0x08007c68   0x00000020   Data   RO         1060    Region$$Table       anon$$obj.o
    0x08007c88   0x0000001c   Data   RO          955    locale$$data        c_w.l(lc_numeric_c.o)
    0x08007ca4   0x00000110   Data   RO          982    locale$$data        c_w.l(lc_ctype_c.o)


    Execution Region RW_IRAM1 (Base: 0x20000000, Size: 0x00002748, Max: 0x00002800, ABSOLUTE)

    Base Addr    Size         Type   Attr      Idx    E Section Name        Object

    0x20000000   0x00000014   Data   RW          120    .data               system_stm32f10x.o
    0x20000014   0x00000014   Data   RW          195    .data               stm32f10x_rcc.o
    0x20000028   0x00000004   Data   RW          275    .data               delay.o
    0x2000002c   0x00000004   Data   RW          309    .data               led.o
    0x20000030   0x00000030   Data   RW          383    .data               main.o
    0x20000060   0x00000002   Data   RW          421    .data               onenet.o
    0x20000062   0x00000004   Data   RW          538    .data               esp8266.o
    0x20000066   0x00000002   PAD
    0x20000068   0x00000040   Zero   RW          382    .bss                main.o
    0x200000a8   0x00000040   Zero   RW          419    .bss                onenet.o
    0x200000e8   0x00000200   Zero   RW          537    .bss                esp8266.o
    0x200002e8   0x00000060   Zero   RW          882    .bss                c_w.l(libspace.o)
    0x20000348   0x00000400   Zero   RW          138    HEAP                startup_stm32f10x_hd.o
    0x20000748   0x00002000   Zero   RW          137    STACK               startup_stm32f10x_hd.o


==============================================================================

Image component sizes


      Code (inc. data)   RO Data    RW Data    ZI Data      Debug   Object Name

       688          8        192          0          0       2994   base64.o
         0          0          0          0          0       4524   core_cm3.o
       244         10          0          4          0       1400   delay.o
       420          6          0          0          0       1951   dht11.o
       128          4          0          0          0       1486   electromotor.o
       700        212          0          4        512       2779   esp8266.o
      1188         30          0          0          0       3064   hmac_sha1.o
       168          4          0          4          0       1648   led.o
      1540        274          0         48         64       2889   main.o
       220         22          0          0          0     213437   misc.o
      3598         66          0          0          0      14709   mqttkit.o
      3400       1306        291          2         64       7768   onenet.o
        64         26        304          0       9216        788   startup_stm32f10x_hd.o
      1102         26          0          0          0      10713   stm32f10x_adc.o
       596          8          0          0          0       4214   stm32f10x_dma.o
      1468         34          0          0          0       7918   stm32f10x_flash.o
       860         38          0          0          0       5529   stm32f10x_gpio.o
       308        248          0          0          0      40455   stm32f10x_it.o
       932         36          0         20          0       8660   stm32f10x_rcc.o
      1032         22          0          0          0       8256   stm32f10x_usart.o
       480         38          0         20          0       1683   system_stm32f10x.o
       416         12          0          0          0       2717   usart.o

    ----------------------------------------------------------------------
     19556       2430        820        104       9856     349582   Object Totals
         0          0         32          0          0          0   (incl. Generated)
         4          0          1          2          0          0   (incl. Padding)

    ----------------------------------------------------------------------

      Code (inc. data)   RO Data    RW Data    ZI Data      Debug   Library Member Name

        60          8          0          0          0         84   __0sscanf.o
        56          6          0          0          0         88   __2snprintf.o
        44          6          0          0          0         84   __2sprintf.o
         8          0          0          0          0         68   __main.o
       392          4         17          0          0         92   __printf_flags_ss_wp.o
        14          0          0          0          0         68   __printf_wp.o
         0          0          0          0          0          0   __rtentry.o
        12          0          0          0          0          0   __rtentry2.o
         6          0          0          0          0          0   __rtentry4.o
        52          8          0          0          0          0   __scatter.o
        26          0          0          0          0          0   __scatter_copy.o
        28          0          0          0          0          0   __scatter_zi.o
        28          0          0          0          0         68   _chval.o
         6          0          0          0          0          0   _printf_a.o
         6          0          0          0          0          0   _printf_c.o
        44          0          0          0          0        108   _printf_char.o
        48          6          0          0          0         96   _printf_char_common.o
        40          0          0          0          0         68   _printf_charcount.o
         6          0          0          0          0          0   _printf_d.o
       120         16          0          0          0         92   _printf_dec.o
         6          0          0          0          0          0   _printf_e.o
         6          0          0          0          0          0   _printf_f.o
      1050          0          0          0          0        216   _printf_fp_dec.o
       128         16          0          0          0         84   _printf_fp_infnan.o
         6          0          0          0          0          0   _printf_g.o
       148          4         40          0          0        160   _printf_hex_int_ll_ptr.o
         6          0          0          0          0          0   _printf_i.o
       178          0          0          0          0         88   _printf_intcommon.o
        10          0          0          0          0          0   _printf_l.o
         6          0          0          0          0          0   _printf_lc.o
        10          0          0          0          0          0   _printf_ll.o
         6          0          0          0          0          0   _printf_lld.o
         6          0          0          0          0          0   _printf_lli.o
         6          0          0          0          0          0   _printf_llo.o
         6          0          0          0          0          0   _printf_llu.o
         6          0          0          0          0          0   _printf_llx.o
       124         16          0          0          0         92   _printf_longlong_dec.o
         6          0          0          0          0          0   _printf_ls.o
         6          0          0          0          0          0   _printf_n.o
         6          0          0          0          0          0   _printf_o.o
       112          8          0          0          0        124   _printf_oct_int_ll.o
         6          0          0          0          0          0   _printf_p.o
        78          0          0          0          0        108   _printf_pad.o
         0          0          0          0          0          0   _printf_percent.o
         4          0          0          0          0          0   _printf_percent_end.o
         6          0          0          0          0          0   _printf_s.o
        82          0          0          0          0         80   _printf_str.o
        36          0          0          0          0         84   _printf_truncate.o
         6          0          0          0          0          0   _printf_u.o
        44          0          0          0          0        108   _printf_wchar.o
       188          6          8          0          0         92   _printf_wctomb.o
         6          0          0          0          0          0   _printf_x.o
       884          6          0          0          0        100   _scanf.o
       332          0          0          0          0         96   _scanf_int.o
       224          0          0          0          0         96   _scanf_str.o
        64          0          0          0          0         84   _sgetc.o
        16          0          0          0          0         68   _snputc.o
        10          0          0          0          0         68   _sputc.o
       158          0          0          0          0         92   _strtoul.o
        64          0          0          0          0         92   _wcrtomb.o
        26          0          0          0          0         80   atoi.o
       220          4        148          0          0         96   bigflt0.o
      1910        128          0          0          0        672   btod.o
        52          4          0          0          0         80   c89vsnprintf.o
        10          0          0          0          0         68   defsig_exit.o
        50          0          0          0          0         88   defsig_general.o
        80         58          0          0          0         76   defsig_rtmem_inner.o
        14          0          0          0          0         80   defsig_rtmem_outer.o
        12          0          0          0          0         72   exit.o
        94          0          0          0          0         80   h1_alloc.o
        52          0          0          0          0         68   h1_extend.o
        78          0          0          0          0         80   h1_free.o
        14          0          0          0          0         84   h1_init.o
         6          0          0          0          0        152   heapauxi.o
         4          0          0          0          0        136   hguard.o
         0          0          0          0          0          0   indicate_semi.o
       138          0          0          0          0        168   init_alloc.o
        18          0          0          0          0         76   isspace.o
        44         10        272          0          0         76   lc_ctype_c.o
        44         10         28          0          0         76   lc_numeric_c.o
         2          0          0          0          0          0   libinit.o
        38          0          0          0          0          0   libinit2.o
         2          0          0          0          0          0   libshutdown.o
         2          0          0          0          0          0   libshutdown2.o
         8          4          0          0         96         68   libspace.o
       138          0          0          0          0         80   lludiv10.o
         0          0          0          0          0          0   maybetermalloc1.o
        16          4          0          0          0         76   rt_ctype_table.o
         8          4          0          0          0         68   rt_errno_addr_intlibspace.o
         8          4          0          0          0         68   rt_heap_descriptor_intlibspace.o
         8          4          0          0          0         68   rt_locale_intlibspace.o
        68          0          0          0          0         68   rt_memclr.o
        78          0          0          0          0         80   rt_memclr_w.o
       138          0          0          0          0         68   rt_memcpy_v6.o
       100          0          0          0          0         80   rt_memcpy_w.o
         2          0          0          0          0          0   rtexit.o
        10          0          0          0          0          0   rtexit2.o
        44          8          0          0          0         84   scanf_char.o
        24          0          0          0          0         68   strcat.o
        20          0          0          0          0         68   strchr.o
       128          0          0          0          0         68   strcmpv7m.o
        72          0          0          0          0         80   strcpy.o
        62          0          0          0          0         76   strlen.o
        36          0          0          0          0         76   strncat.o
        36          0          0          0          0         80   strstr.o
       112          0          0          0          0         88   strtol.o
        12          4          0          0          0         68   sys_exit.o
        74          0          0          0          0         80   sys_stackheap_outer.o
        14          0          0          0          0         76   sys_wrch.o
         2          0          0          0          0         68   use_no_semi.o
       826         16          0          0          0        348   daddsub_clz.o
       688        140          0          0          0        208   ddiv.o
        38          0          0          0          0         68   dflt_clz.o
       340         12          0          0          0        104   dmul.o
       156          4          0          0          0         92   dnaninf.o
        12          0          0          0          0         68   dretinf.o
         4          0          0          0          0         68   printf1.o
         0          0          0          0          0          0   usenofp.o
        40          0          0          0          0         68   fpclassify.o

    ----------------------------------------------------------------------
     11288        528        516          0         96       7884   Library Totals
        14          0          3          0          0          0   (incl. Padding)

    ----------------------------------------------------------------------

      Code (inc. data)   RO Data    RW Data    ZI Data      Debug   Library Name

      9170        356        513          0         96       6860   c_w.l
      2064        172          0          0          0        956   fz_ws.l
        40          0          0          0          0         68   m_ws.l

    ----------------------------------------------------------------------
     11288        528        516          0         96       7884   Library Totals

    ----------------------------------------------------------------------

==============================================================================


      Code (inc. data)   RO Data    RW Data    ZI Data      Debug   

     30844       2958       1336        104       9952     351014   Grand Totals
     30844       2958       1336        104       9952     351014   ELF Image Totals
     30844       2958       1336        104          0          0   ROM Totals

==============================================================================

    Total RO  Size (Code + RO Data)                32180 (  31.43kB)
    Total RW  Size (RW Data + ZI Data)             10056 (   9.82kB)
    Total ROM Size (Code + RO Data + RW Data)      32284 (  31.53kB)

==============================================================================

